Component: ARM Compiler 5.06 update 6 (build 750) Tool: armlink [4d35ed]

==============================================================================

Section Cross References

    startup_stm32f303xc.o(RESET) refers to startup_stm32f303xc.o(STACK) for __initial_sp
    startup_stm32f303xc.o(RESET) refers to startup_stm32f303xc.o(.text) for Reset_Handler
    startup_stm32f303xc.o(RESET) refers to stm32f3xx_it.o(i.NMI_Handler) for NMI_Handler
    startup_stm32f303xc.o(RESET) refers to stm32f3xx_it.o(i.HardFault_Handler) for HardFault_Handler
    startup_stm32f303xc.o(RESET) refers to stm32f3xx_it.o(i.MemManage_Handler) for MemManage_Handler
    startup_stm32f303xc.o(RESET) refers to stm32f3xx_it.o(i.BusFault_Handler) for BusFault_Handler
    startup_stm32f303xc.o(RESET) refers to stm32f3xx_it.o(i.UsageFault_Handler) for UsageFault_Handler
    startup_stm32f303xc.o(RESET) refers to port.o(.emb_text) for SVC_Handler
    startup_stm32f303xc.o(RESET) refers to stm32f3xx_it.o(i.DebugMon_Handler) for DebugMon_Handler
    startup_stm32f303xc.o(RESET) refers to port.o(i.SysTick_Handler) for SysTick_Handler
    startup_stm32f303xc.o(RESET) refers to stm32f3xx_it.o(i.TIM1_UP_TIM16_IRQHandler) for TIM1_UP_TIM16_IRQHandler
    startup_stm32f303xc.o(.text) refers to system_stm32f3xx_1.o(i.SystemInit) for SystemInit
    startup_stm32f303xc.o(.text) refers to entry.o(.ARM.Collect$$$$00000000) for __main
    main.o(i.HAL_TIM_PeriodElapsedCallback) refers to stm32f3xx_hal.o(i.HAL_IncTick) for HAL_IncTick
    main.o(i.StartDefaultTask) refers to cmsis_os2.o(i.osDelay) for osDelay
    main.o(i.SystemClock_Config) refers to memseta.o(.text) for __aeabi_memclr4
    main.o(i.SystemClock_Config) refers to stm32f3xx_hal_rcc.o(i.HAL_RCC_OscConfig) for HAL_RCC_OscConfig
    main.o(i.SystemClock_Config) refers to stm32f3xx_hal_rcc.o(i.HAL_RCC_ClockConfig) for HAL_RCC_ClockConfig
    main.o(i.blink_LED) refers to cmsis_os2.o(i.osDelay) for osDelay
    main.o(i.main) refers to stm32f3xx_hal.o(i.HAL_Init) for HAL_Init
    main.o(i.main) refers to main.o(i.SystemClock_Config) for SystemClock_Config
    main.o(i.main) refers to memseta.o(.text) for __aeabi_memclr4
    main.o(i.main) refers to stm32f3xx_hal_gpio.o(i.HAL_GPIO_WritePin) for HAL_GPIO_WritePin
    main.o(i.main) refers to stm32f3xx_hal_gpio.o(i.HAL_GPIO_Init) for HAL_GPIO_Init
    main.o(i.main) refers to cmsis_os2.o(i.osKernelInitialize) for osKernelInitialize
    main.o(i.main) refers to cmsis_os2.o(i.osThreadNew) for osThreadNew
    main.o(i.main) refers to cmsis_os2.o(i.osKernelStart) for osKernelStart
    main.o(i.main) refers to main.o(.constdata) for .constdata
    main.o(i.main) refers to main.o(i.StartDefaultTask) for StartDefaultTask
    main.o(i.main) refers to main.o(.data) for .data
    main.o(i.main) refers to main.o(i.blink_LED) for blink_LED
    main.o(.constdata) refers to main.o(.conststring) for .conststring
    main.o(.constdata) refers to main.o(.bss) for defaultTaskControlBlock
    main.o(.constdata) refers to main.o(.bss) for defaultTaskBuffer
    main.o(.constdata) refers to main.o(.bss) for blinkLedControlBlock
    main.o(.constdata) refers to main.o(.bss) for blinkLedBuffer
    stm32f3xx_it.o(i.TIM1_UP_TIM16_IRQHandler) refers to stm32f3xx_hal_tim.o(i.HAL_TIM_IRQHandler) for HAL_TIM_IRQHandler
    stm32f3xx_it.o(i.TIM1_UP_TIM16_IRQHandler) refers to stm32f3xx_hal_timebase_tim.o(.bss) for htim1
    stm32f3xx_hal_msp.o(i.HAL_MspInit) refers to stm32f3xx_hal_cortex.o(i.HAL_NVIC_SetPriority) for HAL_NVIC_SetPriority
    stm32f3xx_hal_timebase_tim.o(i.HAL_InitTick) refers to stm32f3xx_hal_cortex.o(i.HAL_NVIC_SetPriority) for HAL_NVIC_SetPriority
    stm32f3xx_hal_timebase_tim.o(i.HAL_InitTick) refers to stm32f3xx_hal_cortex.o(i.HAL_NVIC_EnableIRQ) for HAL_NVIC_EnableIRQ
    stm32f3xx_hal_timebase_tim.o(i.HAL_InitTick) refers to stm32f3xx_hal_rcc.o(i.HAL_RCC_GetClockConfig) for HAL_RCC_GetClockConfig
    stm32f3xx_hal_timebase_tim.o(i.HAL_InitTick) refers to stm32f3xx_hal_rcc.o(i.HAL_RCC_GetPCLK2Freq) for HAL_RCC_GetPCLK2Freq
    stm32f3xx_hal_timebase_tim.o(i.HAL_InitTick) refers to stm32f3xx_hal_tim.o(i.HAL_TIM_Base_Init) for HAL_TIM_Base_Init
    stm32f3xx_hal_timebase_tim.o(i.HAL_InitTick) refers to stm32f3xx_hal_tim.o(i.HAL_TIM_Base_Start_IT) for HAL_TIM_Base_Start_IT
    stm32f3xx_hal_timebase_tim.o(i.HAL_InitTick) refers to stm32f3xx_hal_timebase_tim.o(.bss) for .bss
    stm32f3xx_hal_timebase_tim.o(i.HAL_ResumeTick) refers to stm32f3xx_hal_timebase_tim.o(.bss) for .bss
    stm32f3xx_hal_timebase_tim.o(i.HAL_SuspendTick) refers to stm32f3xx_hal_timebase_tim.o(.bss) for .bss
    segger_rtt.o(i.SEGGER_RTT_AllocDownBuffer) refers to segger_rtt.o(i._DoInit) for _DoInit
    segger_rtt.o(i.SEGGER_RTT_AllocDownBuffer) refers to segger_rtt.o(.bss) for .bss
    segger_rtt.o(i.SEGGER_RTT_AllocUpBuffer) refers to segger_rtt.o(i._DoInit) for _DoInit
    segger_rtt.o(i.SEGGER_RTT_AllocUpBuffer) refers to segger_rtt.o(.bss) for .bss
[...]
    ../clib/microlib/string/memcpy.c         0x00000000   Number         0  memcpya.o ABSOLUTE
    ../clib/microlib/string/memcpy.c         0x00000000   Number         0  memcpyb.o ABSOLUTE
    ../clib/microlib/string/memset.c         0x00000000   Number         0  memset.o ABSOLUTE
    ../clib/microlib/string/memset.c         0x00000000   Number         0  memseta.o ABSOLUTE
    ../clib/microlib/string/strcpy.c         0x00000000   Number         0  strcpy.o ABSOLUTE
    ../clib/microlib/string/strlen.c         0x00000000   Number         0  strlen.o ABSOLUTE
    ../clib/microlib/stubs.s                 0x00000000   Number         0  iusesemip.o ABSOLUTE
    ../clib/microlib/stubs.s                 0x00000000   Number         0  iusefp.o ABSOLUTE
    ../fplib/microlib/fpadd.c                0x00000000   Number         0  dadd.o ABSOLUTE
    ../fplib/microlib/fpdiv.c                0x00000000   Number         0  ddiv.o ABSOLUTE
    ../fplib/microlib/fpepilogue.c           0x00000000   Number         0  depilogue.o ABSOLUTE
    ../fplib/microlib/fpfix.c                0x00000000   Number         0  dfixul.o ABSOLUTE
    ../fplib/microlib/fpmul.c                0x00000000   Number         0  dmul.o ABSOLUTE
    ..\Drivers\STM32F3xx_HAL_Driver\Src\stm32f3xx_hal.c 0x00000000   Number         0  stm32f3xx_hal.o ABSOLUTE
    ..\Drivers\STM32F3xx_HAL_Driver\Src\stm32f3xx_hal_cortex.c 0x00000000   Number         0  stm32f3xx_hal_cortex.o ABSOLUTE
    ..\Drivers\STM32F3xx_HAL_Driver\Src\stm32f3xx_hal_dma.c 0x00000000   Number         0  stm32f3xx_hal_dma.o ABSOLUTE
    ..\Drivers\STM32F3xx_HAL_Driver\Src\stm32f3xx_hal_exti.c 0x00000000   Number         0  stm32f3xx_hal_exti.o ABSOLUTE
    ..\Drivers\STM32F3xx_HAL_Driver\Src\stm32f3xx_hal_flash.c 0x00000000   Number         0  stm32f3xx_hal_flash.o ABSOLUTE
    ..\Drivers\STM32F3xx_HAL_Driver\Src\stm32f3xx_hal_flash_ex.c 0x00000000   Number         0  stm32f3xx_hal_flash_ex.o ABSOLUTE
    ..\Drivers\STM32F3xx_HAL_Driver\Src\stm32f3xx_hal_gpio.c 0x00000000   Number         0  stm32f3xx_hal_gpio.o ABSOLUTE
    ..\Drivers\STM32F3xx_HAL_Driver\Src\stm32f3xx_hal_i2c.c 0x00000000   Number         0  stm32f3xx_hal_i2c.o ABSOLUTE
    ..\Drivers\STM32F3xx_HAL_Driver\Src\stm32f3xx_hal_i2c_ex.c 0x00000000   Number         0  stm32f3xx_hal_i2c_ex.o ABSOLUTE
    ..\Drivers\STM32F3xx_HAL_Driver\Src\stm32f3xx_hal_pwr.c 0x00000000   Number         0  stm32f3xx_hal_pwr.o ABSOLUTE
    ..\Drivers\STM32F3xx_HAL_Driver\Src\stm32f3xx_hal_pwr_ex.c 0x00000000   Number         0  stm32f3xx_hal_pwr_ex.o ABSOLUTE
    ..\Drivers\STM32F3xx_HAL_Driver\Src\stm32f3xx_hal_rcc.c 0x00000000   Number         0  stm32f3xx_hal_rcc.o ABSOLUTE
    ..\Drivers\STM32F3xx_HAL_Driver\Src\stm32f3xx_hal_rcc_ex.c 0x00000000   Number         0  stm32f3xx_hal_rcc_ex.o ABSOLUTE
    ..\Drivers\STM32F3xx_HAL_Driver\Src\stm32f3xx_hal_tim.c 0x00000000   Number         0  stm32f3xx_hal_tim.o ABSOLUTE
    ..\Drivers\STM32F3xx_HAL_Driver\Src\stm32f3xx_hal_tim_ex.c 0x00000000   Number         0  stm32f3xx_hal_tim_ex.o ABSOLUTE
    ..\Middlewares\Third_Party\FreeRTOS\Source\CMSIS_RTOS_V2\cmsis_os2.c 0x00000000   Number         0  cmsis_os2.o ABSOLUTE
    ..\Middlewares\Third_Party\FreeRTOS\Source\croutine.c 0x00000000   Number         0  croutine.o ABSOLUTE
    ..\Middlewares\Third_Party\FreeRTOS\Source\event_groups.c 0x00000000   Number         0  event_groups.o ABSOLUTE
    ..\Middlewares\Third_Party\FreeRTOS\Source\list.c 0x00000000   Number         0  list.o ABSOLUTE
    ..\Middlewares\Third_Party\FreeRTOS\Source\portable\MemMang\heap_4.c 0x00000000   Number         0  heap_4.o ABSOLUTE
    ..\Middlewares\Third_Party\FreeRTOS\Source\portable\RVDS\ARM_CM4F\port.c 0x00000000   Number         0  port.o ABSOLUTE
    ..\Middlewares\Third_Party\FreeRTOS\Source\queue.c 0x00000000   Number         0  queue.o ABSOLUTE
    ..\Middlewares\Third_Party\FreeRTOS\Source\stream_buffer.c 0x00000000   Number         0  stream_buffer.o ABSOLUTE
    ..\Middlewares\Third_Party\FreeRTOS\Source\tasks.c 0x00000000   Number         0  tasks.o ABSOLUTE
    ..\Middlewares\Third_Party\FreeRTOS\Source\timers.c 0x00000000   Number         0  timers.o ABSOLUTE
    ..\Src\SEGGER_RTT.c                      0x00000000   Number         0  segger_rtt.o ABSOLUTE
    ..\Src\freertos.c                        0x00000000   Number         0  freertos.o ABSOLUTE
    ..\Src\main.c                            0x00000000   Number         0  main.o ABSOLUTE
    ..\Src\stm32f3xx_hal_msp.c               0x00000000   Number         0  stm32f3xx_hal_msp.o ABSOLUTE
    ..\Src\stm32f3xx_hal_timebase_tim.c      0x00000000   Number         0  stm32f3xx_hal_timebase_tim.o ABSOLUTE
    ..\Src\stm32f3xx_it.c                    0x00000000   Number         0  stm32f3xx_it.o ABSOLUTE
    ..\Src\system_stm32f3xx.c                0x00000000   Number         0  system_stm32f3xx_1.o ABSOLUTE
    ..\Src\trcKernelPort.c                   0x00000000   Number         0  trckernelport.o ABSOLUTE
    ..\Src\trcSnapshotRecorder.c             0x00000000   Number         0  trcsnapshotrecorder.o ABSOLUTE
    ..\Src\trcStreamingPort.c                0x00000000   Number         0  trcstreamingport.o ABSOLUTE
    ..\Src\trcStreamingRecorder.c            0x00000000   Number         0  trcstreamingrecorder.o ABSOLUTE
    ..\\Src\\trcKernelPort.c                 0x00000000   Number         0  trckernelport.o ABSOLUTE
    ..\\Src\\trcSnapshotRecorder.c           0x00000000   Number         0  trcsnapshotrecorder.o ABSOLUTE
    ..\\Src\\trcStreamingPort.c              0x00000000   Number         0  trcstreamingport.o ABSOLUTE
    ..\\Src\\trcStreamingRecorder.c          0x00000000   Number         0  trcstreamingrecorder.o ABSOLUTE
    cdrcmple.s                               0x00000000   Number         0  cdrcmple.o ABSOLUTE
    dc.s                                     0x00000000   Number         0  dc.o ABSOLUTE
    handlers.s                               0x00000000   Number         0  handlers.o ABSOLUTE
    init.s                                   0x00000000   Number         0  init.o ABSOLUTE
    startup_stm32f303xc.s                    0x00000000   Number         0  startup_stm32f303xc.o ABSOLUTE
    RESET                                    0x08000000   Section      392  startup_stm32f303xc.o(RESET)
    .ARM.Collect$$$$00000000                 0x08000188   Section        0  entry.o(.ARM.Collect$$$$00000000)
    .ARM.Collect$$$$00000001                 0x08000188   Section        4  entry2.o(.ARM.Collect$$$$00000001)
    .ARM.Collect$$$$00000004                 0x0800018c   Section        4  entry5.o(.ARM.Collect$$$$00000004)
    .ARM.Collect$$$$00000008                 0x08000190   Section        0  entry7b.o(.ARM.Collect$$$$00000008)
    .ARM.Collect$$$$0000000A                 0x08000190   Section        0  entry8b.o(.ARM.Collect$$$$0000000A)
    .ARM.Collect$$$$0000000B                 0x08000190   Section        8  entry9a.o(.ARM.Collect$$$$0000000B)
    .ARM.Collect$$$$0000000D                 0x08000198   Section        0  entry10a.o(.ARM.Collect$$$$0000000D)
    .ARM.Collect$$$$0000000F                 0x08000198   Section        0  entry11a.o(.ARM.Collect$$$$0000000F)
    .ARM.Collect$$$$00002712                 0x08000198   Section        4  entry2.o(.ARM.Collect$$$$00002712)
    __lit__00000000                          0x08000198   Data           4  entry2.o(.ARM.Collect$$$$00002712)
    .emb_text                                0x0800019c   Section      190  port.o(.emb_text)
    $v0                                      0x0800019c   Number         0  port.o(.emb_text)
    .text                                    0x0800025c   Section       36  startup_stm32f303xc.o(.text)
    $v0                                      0x0800025c   Number         0  startup_stm32f303xc.o(.text)
    .text                                    0x08000280   Section        0  uldiv.o(.text)
    .text                                    0x080002e2   Section        0  llushr.o(.text)
    .text                                    0x08000302   Section        0  memcpya.o(.text)
    .text                                    0x08000326   Section        0  memseta.o(.text)
    .text                                    0x0800034a   Section        0  strcpy.o(.text)
    .text                                    0x0800035c   Section        0  llshl.o(.text)
    .text                                    0x0800037c   Section       36  init.o(.text)
    i.BusFault_Handler                       0x080003a0   Section        0  stm32f3xx_it.o(i.BusFault_Handler)
    i.DebugMon_Handler                       0x080003a2   Section        0  stm32f3xx_it.o(i.DebugMon_Handler)
    i.HAL_GPIO_Init                          0x080003a4   Section        0  stm32f3xx_hal_gpio.o(i.HAL_GPIO_Init)
    i.HAL_GPIO_WritePin                      0x0800052c   Section        0  stm32f3xx_hal_gpio.o(i.HAL_GPIO_WritePin)
    i.HAL_GetTick                            0x08000538   Section        0  stm32f3xx_hal.o(i.HAL_GetTick)
    i.HAL_IncTick                            0x08000544   Section        0  stm32f3xx_hal.o(i.HAL_IncTick)
    i.HAL_Init                               0x08000554   Section        0  stm32f3xx_hal.o(i.HAL_Init)
    i.HAL_InitTick                           0x08000578   Section        0  stm32f3xx_hal_timebase_tim.o(i.HAL_InitTick)
    i.HAL_MspInit                            0x080005ec   Section        0  stm32f3xx_hal_msp.o(i.HAL_MspInit)
    i.HAL_NVIC_EnableIRQ                     0x08000620   Section        0  stm32f3xx_hal_cortex.o(i.HAL_NVIC_EnableIRQ)
    i.HAL_NVIC_SetPriority                   0x0800063c   Section        0  stm32f3xx_hal_cortex.o(i.HAL_NVIC_SetPriority)
    i.HAL_NVIC_SetPriorityGrouping           0x0800067c   Section        0  stm32f3xx_hal_cortex.o(i.HAL_NVIC_SetPriorityGrouping)
    i.HAL_RCC_ClockConfig                    0x080006a0   Section        0  stm32f3xx_hal_rcc.o(i.HAL_RCC_ClockConfig)
    i.HAL_RCC_GetClockConfig                 0x080007e8   Section        0  stm32f3xx_hal_rcc.o(i.HAL_RCC_GetClockConfig)
    i.HAL_RCC_GetPCLK2Freq                   0x08000828   Section        0  stm32f3xx_hal_rcc.o(i.HAL_RCC_GetPCLK2Freq)
    i.HAL_RCC_GetSysClockFreq                0x08000858   Section        0  stm32f3xx_hal_rcc.o(i.HAL_RCC_GetSysClockFreq)
    i.HAL_RCC_OscConfig                      0x080008c4   Section        0  stm32f3xx_hal_rcc.o(i.HAL_RCC_OscConfig)
    i.HAL_TIMEx_Break2Callback               0x08000e8c   Section        0  stm32f3xx_hal_tim_ex.o(i.HAL_TIMEx_Break2Callback)
    i.HAL_TIMEx_BreakCallback                0x08000e8e   Section        0  stm32f3xx_hal_tim_ex.o(i.HAL_TIMEx_BreakCallback)
    i.HAL_TIMEx_CommutCallback               0x08000e90   Section        0  stm32f3xx_hal_tim_ex.o(i.HAL_TIMEx_CommutCallback)
    i.HAL_TIM_Base_Init                      0x08000e92   Section        0  stm32f3xx_hal_tim.o(i.HAL_TIM_Base_Init)
    i.HAL_TIM_Base_MspInit                   0x08000ec8   Section        0  stm32f3xx_hal_tim.o(i.HAL_TIM_Base_MspInit)
    i.HAL_TIM_Base_Start_IT                  0x08000ecc   Section        0  stm32f3xx_hal_tim.o(i.HAL_TIM_Base_Start_IT)
    i.HAL_TIM_IC_CaptureCallback             0x08000ef8   Section        0  stm32f3xx_hal_tim.o(i.HAL_TIM_IC_CaptureCallback)
    i.HAL_TIM_IRQHandler                     0x08000efa   Section        0  stm32f3xx_hal_tim.o(i.HAL_TIM_IRQHandler)
    i.HAL_TIM_OC_DelayElapsedCallback        0x0800107e   Section        0  stm32f3xx_hal_tim.o(i.HAL_TIM_OC_DelayElapsedCallback)
    i.HAL_TIM_PWM_PulseFinishedCallback      0x08001080   Section        0  stm32f3xx_hal_tim.o(i.HAL_TIM_PWM_PulseFinishedCallback)
    i.HAL_TIM_PeriodElapsedCallback          0x08001084   Section        0  main.o(i.HAL_TIM_PeriodElapsedCallback)
    i.HAL_TIM_TriggerCallback                0x08001098   Section        0  stm32f3xx_hal_tim.o(i.HAL_TIM_TriggerCallback)
    i.HardFault_Handler                      0x0800109a   Section        0  stm32f3xx_it.o(i.HardFault_Handler)
    i.MemManage_Handler                      0x0800109c   Section        0  stm32f3xx_it.o(i.MemManage_Handler)
    i.NMI_Handler                            0x0800109e   Section        0  stm32f3xx_it.o(i.NMI_Handler)
    i.SEGGER_RTT_Write                       0x080010a0   Section        0  segger_rtt.o(i.SEGGER_RTT_Write)
    i.SEGGER_RTT_WriteNoLock                 0x080010d8   Section        0  segger_rtt.o(i.SEGGER_RTT_WriteNoLock)
    i.StartDefaultTask                       0x08001134   Section        0  main.o(i.StartDefaultTask)
    i.SysTick_Handler                        0x0800113c   Section        0  port.o(i.SysTick_Handler)
    i.SystemClock_Config                     0x08001168   Section        0  main.o(i.SystemClock_Config)
    i.SystemInit                             0x080011ac   Section        0  system_stm32f3xx_1.o(i.SystemInit)
    i.TIM1_UP_TIM16_IRQHandler               0x080011c8   Section        0  stm32f3xx_it.o(i.TIM1_UP_TIM16_IRQHandler)
    i.TIM_Base_SetConfig                     0x080011d4   Section        0  stm32f3xx_hal_tim.o(i.TIM_Base_SetConfig)
    i.UsageFault_Handler                     0x08001284   Section        0  stm32f3xx_it.o(i.UsageFault_Handler)
    i._DoInit                                0x08001288   Section        0  segger_rtt.o(i._DoInit)
    _DoInit                                  0x08001289   Thumb Code    74  segger_rtt.o(i._DoInit)
    i._GetAvailWriteSpace                    0x080012f0   Section        0  segger_rtt.o(i._GetAvailWriteSpace)
    _GetAvailWriteSpace                      0x080012f1   Thumb Code    22  segger_rtt.o(i._GetAvailWriteSpace)
    i._WriteBlocking                         0x08001306   Section        0  segger_rtt.o(i._WriteBlocking)
    _WriteBlocking                           0x08001307   Thumb Code    90  segger_rtt.o(i._WriteBlocking)
    i._WriteNoCheck                          0x08001360   Section        0  segger_rtt.o(i._WriteNoCheck)
    _WriteNoCheck                            0x08001361   Thumb Code    66  segger_rtt.o(i._WriteNoCheck)
    i.__NVIC_SetPriority                     0x080013a2   Section        0  stm32f3xx_hal_cortex.o(i.__NVIC_SetPriority)
    __NVIC_SetPriority                       0x080013a3   Thumb Code    32  stm32f3xx_hal_cortex.o(i.__NVIC_SetPriority)
    i.__scatterload_copy                     0x080013c2   Section       14  handlers.o(i.__scatterload_copy)
    i.__scatterload_null                     0x080013d0   Section        2  handlers.o(i.__scatterload_null)
    i.__scatterload_zeroinit                 0x080013d2   Section       14  handlers.o(i.__scatterload_zeroinit)
    i.blink_LED                              0x080013e0   Section        0  main.o(i.blink_LED)
    i.main                                   0x080013e8   Section        0  main.o(i.main)
    i.osDelay                                0x08001470   Section        0  cmsis_os2.o(i.osDelay)
    i.osKernelInitialize                     0x080014a4   Section        0  cmsis_os2.o(i.osKernelInitialize)
    i.osKernelStart                          0x080014dc   Section        0  cmsis_os2.o(i.osKernelStart)
    i.osThreadNew                            0x0800151c   Section        0  cmsis_os2.o(i.osThreadNew)
    i.prvAddCurrentTaskToDelayedList         0x080015c0   Section        0  tasks.o(i.prvAddCurrentTaskToDelayedList)
    prvAddCurrentTaskToDelayedList           0x080015c1   Thumb Code    84  tasks.o(i.prvAddCurrentTaskToDelayedList)
    i.prvAddNewTaskToReadyList               0x0800161c   Section        0  tasks.o(i.prvAddNewTaskToReadyList)
    prvAddNewTaskToReadyList                 0x0800161d   Thumb Code   298  tasks.o(i.prvAddNewTaskToReadyList)
    i.prvAddTaskToStackMonitor               0x08001760   Section        0  trckernelport.o(i.prvAddTaskToStackMonitor)
    i.prvCheckForValidListAndQueue           0x08001794   Section        0  timers.o(i.prvCheckForValidListAndQueue)
    prvCheckForValidListAndQueue             0x08001795   Thumb Code    72  timers.o(i.prvCheckForValidListAndQueue)
    i.prvCopyDataFromQueue                   0x080017ec   Section        0  queue.o(i.prvCopyDataFromQueue)
    prvCopyDataFromQueue                     0x080017ed   Thumb Code    38  queue.o(i.prvCopyDataFromQueue)
    i.prvCopyDataToQueue                     0x08001812   Section        0  queue.o(i.prvCopyDataToQueue)
    prvCopyDataToQueue                       0x08001813   Thumb Code   108  queue.o(i.prvCopyDataToQueue)
    i.prvDeleteTCB                           0x0800187e   Section        0  tasks.o(i.prvDeleteTCB)
    prvDeleteTCB                             0x0800187f   Thumb Code    52  tasks.o(i.prvDeleteTCB)
    i.prvHeapInit                            0x080018b4   Section        0  heap_4.o(i.prvHeapInit)
    prvHeapInit                              0x080018b5   Thumb Code    66  heap_4.o(i.prvHeapInit)
    i.prvIdleTask                            0x08001900   Section        0  tasks.o(i.prvIdleTask)
    prvIdleTask                              0x08001901   Thumb Code    82  tasks.o(i.prvIdleTask)
    i.prvInitialiseNewQueue                  0x08001960   Section        0  queue.o(i.prvInitialiseNewQueue)
    prvInitialiseNewQueue                    0x08001961   Thumb Code   128  queue.o(i.prvInitialiseNewQueue)
    i.prvInitialiseNewTask                   0x080019e8   Section        0  tasks.o(i.prvInitialiseNewTask)
    prvInitialiseNewTask                     0x080019e9   Thumb Code   156  tasks.o(i.prvInitialiseNewTask)
    i.prvInsertBlockIntoFreeList             0x08001a84   Section        0  heap_4.o(i.prvInsertBlockIntoFreeList)
    prvInsertBlockIntoFreeList               0x08001a85   Thumb Code    72  heap_4.o(i.prvInsertBlockIntoFreeList)
    i.prvInsertTimerInActiveList             0x08001ad0   Section        0  timers.o(i.prvInsertTimerInActiveList)
    prvInsertTimerInActiveList               0x08001ad1   Thumb Code    52  timers.o(i.prvInsertTimerInActiveList)
    i.prvIsNewTCB                            0x08001b08   Section        0  trckernelport.o(i.prvIsNewTCB)
    i.prvIsQueueEmpty                        0x08001b20   Section        0  queue.o(i.prvIsQueueEmpty)
    prvIsQueueEmpty                          0x08001b21   Thumb Code    28  queue.o(i.prvIsQueueEmpty)
    i.prvProcessReceivedCommands             0x08001b3c   Section        0  timers.o(i.prvProcessReceivedCommands)
    prvProcessReceivedCommands               0x08001b3d   Thumb Code   198  timers.o(i.prvProcessReceivedCommands)
    i.prvProcessTimerOrBlockTask             0x08001c08   Section        0  timers.o(i.prvProcessTimerOrBlockTask)
    prvProcessTimerOrBlockTask               0x08001c09   Thumb Code   172  timers.o(i.prvProcessTimerOrBlockTask)
    i.prvResetNextTaskUnblockTime            0x08001cbc   Section        0  tasks.o(i.prvResetNextTaskUnblockTime)
    prvResetNextTaskUnblockTime              0x08001cbd   Thumb Code    26  tasks.o(i.prvResetNextTaskUnblockTime)
    i.prvSampleTimeNow                       0x08001cdc   Section        0  timers.o(i.prvSampleTimeNow)
    prvSampleTimeNow                         0x08001cdd   Thumb Code    36  timers.o(i.prvSampleTimeNow)
    i.prvSetRecorderEnabled                  0x08001d04   Section        0  trcstreamingrecorder.o(i.prvSetRecorderEnabled)
    prvSetRecorderEnabled                    0x08001d05   Thumb Code   148  trcstreamingrecorder.o(i.prvSetRecorderEnabled)
    i.prvSwitchTimerLists                    0x08001d9c   Section        0  timers.o(i.prvSwitchTimerLists)
    prvSwitchTimerLists                      0x08001d9d   Thumb Code   102  timers.o(i.prvSwitchTimerLists)
    i.prvTaskExitError                       0x08001e08   Section        0  port.o(i.prvTaskExitError)
    prvTaskExitError                         0x08001e09   Thumb Code    36  port.o(i.prvTaskExitError)
    i.prvTimerTask                           0x08001e30   Section        0  timers.o(i.prvTimerTask)
    prvTimerTask                             0x08001e31   Thumb Code    32  timers.o(i.prvTimerTask)
    i.prvTraceError                          0x08001e54   Section        0  trcstreamingrecorder.o(i.prvTraceError)
    i.prvTraceGetCurrentTaskHandle           0x08001ec0   Section        0  trckernelport.o(i.prvTraceGetCurrentTaskHandle)
    i.prvTraceGetError                       0x08001ec4   Section        0  trcstreamingrecorder.o(i.prvTraceGetError)
    prvTraceGetError                         0x08001ec5   Thumb Code    80  trcstreamingrecorder.o(i.prvTraceGetError)
    i.prvTraceGetQueueNumber                 0x08002184   Section        0  trckernelport.o(i.prvTraceGetQueueNumber)
    i.prvTraceGetQueueNumberHigh16           0x08002188   Section        0  trckernelport.o(i.prvTraceGetQueueNumberHigh16)
    i.prvTraceGetTaskNumberHigh16            0x08002192   Section        0  trckernelport.o(i.prvTraceGetTaskNumberHigh16)
    i.prvTraceSaveObjectData                 0x0800219c   Section        0  trcstreamingrecorder.o(i.prvTraceSaveObjectData)
    i.prvTraceSaveObjectSymbol               0x080021f8   Section        0  trcstreamingrecorder.o(i.prvTraceSaveObjectSymbol)
    i.prvTraceSetQueueNumberHigh16           0x08002258   Section        0  trckernelport.o(i.prvTraceSetQueueNumberHigh16)
    i.prvTraceSetTaskNumberHigh16            0x08002272   Section        0  trckernelport.o(i.prvTraceSetTaskNumberHigh16)
    i.prvTraceStoreEvent1                    0x0800228c   Section        0  trcstreamingrecorder.o(i.prvTraceStoreEvent1)
    i.prvTraceStoreEvent2                    0x080022f0   Section        0  trcstreamingrecorder.o(i.prvTraceStoreEvent2)
    i.prvTraceStoreEvent3                    0x08002358   Section        0  trcstreamingrecorder.o(i.prvTraceStoreEvent3)
    i.prvTraceStoreHeader                    0x080023c0   Section        0  trcstreamingrecorder.o(i.prvTraceStoreHeader)
    prvTraceStoreHeader                      0x080023c1   Thumb Code   130  trcstreamingrecorder.o(i.prvTraceStoreHeader)
    i.prvTraceStoreObjectDataTable           0x08002448   Section        0  trcstreamingrecorder.o(i.prvTraceStoreObjectDataTable)
    prvTraceStoreObjectDataTable             0x08002449   Thumb Code   108  trcstreamingrecorder.o(i.prvTraceStoreObjectDataTable)
    i.prvTraceStoreSimpleStringEventHelper   0x080024b8   Section        0  trcstreamingrecorder.o(i.prvTraceStoreSimpleStringEventHelper)
    i.prvTraceStoreStartEvent                0x08002584   Section        0  trcstreamingrecorder.o(i.prvTraceStoreStartEvent)
    prvTraceStoreStartEvent                  0x08002585   Thumb Code   132  trcstreamingrecorder.o(i.prvTraceStoreStartEvent)
    i.prvTraceStoreStringEvent               0x08002610   Section        0  trcstreamingrecorder.o(i.prvTraceStoreStringEvent)
    i.prvTraceStoreStringEventHelper         0x08002638   Section        0  trcstreamingrecorder.o(i.prvTraceStoreStringEventHelper)
    prvTraceStoreStringEventHelper           0x08002639   Thumb Code   210  trcstreamingrecorder.o(i.prvTraceStoreStringEventHelper)
    i.prvTraceStoreSymbolTable               0x08002714   Section        0  trcstreamingrecorder.o(i.prvTraceStoreSymbolTable)
    prvTraceStoreSymbolTable                 0x08002715   Thumb Code   114  trcstreamingrecorder.o(i.prvTraceStoreSymbolTable)
    i.prvTraceStoreTSConfig                  0x0800278c   Section        0  trcstreamingrecorder.o(i.prvTraceStoreTSConfig)
    prvTraceStoreTSConfig                    0x0800278d   Thumb Code   112  trcstreamingrecorder.o(i.prvTraceStoreTSConfig)
    i.prvTraceWarning                        0x08002808   Section        0  trcstreamingrecorder.o(i.prvTraceWarning)
    i.prvUnlockQueue                         0x0800283c   Section        0  queue.o(i.prvUnlockQueue)
    prvUnlockQueue                           0x0800283d   Thumb Code   106  queue.o(i.prvUnlockQueue)
    i.pvPortMalloc                           0x080028a8   Section        0  heap_4.o(i.pvPortMalloc)
    i.pxPortInitialiseStack                  0x080029b0   Section        0  port.o(i.pxPortInitialiseStack)
    i.uxListRemove                           0x080029dc   Section        0  list.o(i.uxListRemove)
    i.uxQueueGetQueueNumber                  0x08002a02   Section        0  queue.o(i.uxQueueGetQueueNumber)
    i.uxTaskGetTaskNumber                    0x08002a06   Section        0  tasks.o(i.uxTaskGetTaskNumber)
    i.vApplicationGetIdleTaskMemory          0x08002a10   Section        0  cmsis_os2.o(i.vApplicationGetIdleTaskMemory)
    i.vApplicationGetTimerTaskMemory         0x08002a24   Section        0  cmsis_os2.o(i.vApplicationGetTimerTaskMemory)
    i.vListInitialise                        0x08002a3c   Section        0  list.o(i.vListInitialise)
    i.vListInitialiseItem                    0x08002a52   Section        0  list.o(i.vListInitialiseItem)
    i.vListInsert                            0x08002a58   Section        0  list.o(i.vListInsert)
    i.vListInsertEnd                         0x08002a88   Section        0  list.o(i.vListInsertEnd)
    i.vPortEnterCritical                     0x08002aa0   Section        0  port.o(i.vPortEnterCritical)
    i.vPortExitCritical                      0x08002ae0   Section        0  port.o(i.vPortExitCritical)
    i.vPortFree                              0x08002b08   Section        0  heap_4.o(i.vPortFree)
    i.vPortSetupTimerInterrupt               0x08002b90   Section        0  port.o(i.vPortSetupTimerInterrupt)
    i.vPortValidateInterruptPriority         0x08002bb4   Section        0  port.o(i.vPortValidateInterruptPriority)
    i.vQueueAddToRegistry                    0x08002c08   Section        0  queue.o(i.vQueueAddToRegistry)
    i.vQueueSetQueueNumber                   0x08002c4c   Section        0  queue.o(i.vQueueSetQueueNumber)
    i.vQueueWaitForMessageRestricted         0x08002c50   Section        0  queue.o(i.vQueueWaitForMessageRestricted)
    i.vTaskDelay                             0x08002c94   Section        0  tasks.o(i.vTaskDelay)
    i.vTaskInternalSetTimeOutState           0x08002cfc   Section        0  tasks.o(i.vTaskInternalSetTimeOutState)
    i.vTaskMissedYield                       0x08002d0c   Section        0  tasks.o(i.vTaskMissedYield)
    i.vTaskPlaceOnEventList                  0x08002d18   Section        0  tasks.o(i.vTaskPlaceOnEventList)
    i.vTaskPlaceOnEventListRestricted        0x08002d48   Section        0  tasks.o(i.vTaskPlaceOnEventListRestricted)
    i.vTaskSetTaskNumber                     0x08002da0   Section        0  tasks.o(i.vTaskSetTaskNumber)
    i.vTaskStartScheduler                    0x08002da8   Section        0  tasks.o(i.vTaskStartScheduler)
    i.vTaskSuspendAll                        0x08002e30   Section        0  tasks.o(i.vTaskSuspendAll)
    i.vTaskSwitchContext                     0x08002e40   Section        0  tasks.o(i.vTaskSwitchContext)
    i.vTraceStop                             0x08002ed8   Section        0  trcstreamingrecorder.o(i.vTraceStop)
    i.writeToRTT                             0x08002ede   Section        0  trcstreamingport.o(i.writeToRTT)
    i.xPortStartScheduler                    0x08002ef4   Section        0  port.o(i.xPortStartScheduler)
    i.xQueueGenericCreateStatic              0x08002fe8   Section        0  queue.o(i.xQueueGenericCreateStatic)
    i.xQueueGenericReset                     0x08003050   Section        0  queue.o(i.xQueueGenericReset)
    i.xQueueGenericSend                      0x080030d8   Section        0  queue.o(i.xQueueGenericSend)
    i.xQueueGenericSendFromISR               0x0800336c   Section        0  queue.o(i.xQueueGenericSendFromISR)
    i.xQueueReceive                          0x080034a4   Section        0  queue.o(i.xQueueReceive)
    i.xTaskCheckForTimeOut                   0x08003708   Section        0  tasks.o(i.xTaskCheckForTimeOut)
    i.xTaskCreate                            0x0800377c   Section        0  tasks.o(i.xTaskCreate)
    i.xTaskCreateStatic                      0x080037d6   Section        0  tasks.o(i.xTaskCreateStatic)
    i.xTaskGetCurrentTaskHandle              0x0800382c   Section        0  tasks.o(i.xTaskGetCurrentTaskHandle)
    i.xTaskGetSchedulerState                 0x08003838   Section        0  tasks.o(i.xTaskGetSchedulerState)
    i.xTaskGetTickCount                      0x08003854   Section        0  tasks.o(i.xTaskGetTickCount)
    i.xTaskIncrementTick                     0x08003860   Section        0  tasks.o(i.xTaskIncrementTick)
    i.xTaskPriorityDisinherit                0x08003964   Section        0  tasks.o(i.xTaskPriorityDisinherit)
    i.xTaskRemoveFromEventList               0x08003a20   Section        0  tasks.o(i.xTaskRemoveFromEventList)
    i.xTaskResumeAll                         0x08003aa8   Section        0  tasks.o(i.xTaskResumeAll)
    i.xTimerCreateTimerTask                  0x08003b88   Section        0  timers.o(i.xTimerCreateTimerTask)
    i.xTimerGenericCommand                   0x08003be8   Section        0  timers.o(i.xTimerGenericCommand)
    .constdata                               0x08003c50   Section       72  main.o(.constdata)
    .constdata                               0x08003c98   Section       32  stm32f3xx_hal_rcc.o(.constdata)
    .constdata                               0x08003cb8   Section       16  system_stm32f3xx_1.o(.constdata)
    .constdata                               0x08003cc8   Section        8  system_stm32f3xx_1.o(.constdata)
    .conststring                             0x08003cd0   Section       24  main.o(.conststring)
    .data                                    0x20000000   Section        8  main.o(.data)
    .data                                    0x20000008   Section       20  trckernelport.o(.data)
    HandleTzCtrl                             0x20000008   Data           4  trckernelport.o(.data)
    pCurrentTCB                              0x20000010   Data           4  trckernelport.o(.data)
    i                                        0x20000014   Data           4  trckernelport.o(.data)
    .data                                    0x2000001c   Section      104  trcstreamingrecorder.o(.data)
    ISR_stack_index                          0x2000001c   Data           1  trcstreamingrecorder.o(.data)
    lastPage                                 0x2000001d   Data           1  trcstreamingrecorder.o(.data)
    FormatVersion                            0x2000001e   Data           2  trcstreamingrecorder.o(.data)
    ErrorAndWarningFlags                     0x20000028   Data           4  trcstreamingrecorder.o(.data)
    firstFreeSymbolTableIndex                0x2000002c   Data           4  trcstreamingrecorder.o(.data)
    firstFreeObjectDataTableIndex            0x20000030   Data           4  trcstreamingrecorder.o(.data)
    errorCode                                0x20000034   Data           4  trcstreamingrecorder.o(.data)
    SessionCounter                           0x20000038   Data           4  trcstreamingrecorder.o(.data)
    PSFEndianessIdentifier                   0x20000040   Data           4  trcstreamingrecorder.o(.data)
    eventCounter                             0x20000044   Data           4  trcstreamingrecorder.o(.data)
    consoleChannel                           0x2000007c   Data           4  trcstreamingrecorder.o(.data)
    currentWritePage                         0x20000080   Data           4  trcstreamingrecorder.o(.data)
    .data                                    0x20000084   Section       12  stm32f3xx_hal.o(.data)
    .data                                    0x20000090   Section        4  system_stm32f3xx_1.o(.data)
    .data                                    0x20000094   Section       60  tasks.o(.data)
    pxDelayedTaskList                        0x20000098   Data           4  tasks.o(.data)
    pxOverflowDelayedTaskList                0x2000009c   Data           4  tasks.o(.data)
    uxDeletedTasksWaitingCleanUp             0x200000a0   Data           4  tasks.o(.data)
    uxCurrentNumberOfTasks                   0x200000a4   Data           4  tasks.o(.data)
    xTickCount                               0x200000a8   Data           4  tasks.o(.data)
    uxTopReadyPriority                       0x200000ac   Data           4  tasks.o(.data)
    xSchedulerRunning                        0x200000b0   Data           4  tasks.o(.data)
    uxPendedTicks                            0x200000b4   Data           4  tasks.o(.data)
    xYieldPending                            0x200000b8   Data           4  tasks.o(.data)
    xNumOfOverflows                          0x200000bc   Data           4  tasks.o(.data)
    uxTaskNumber                             0x200000c0   Data           4  tasks.o(.data)
    xNextTaskUnblockTime                     0x200000c4   Data           4  tasks.o(.data)
    xIdleTaskHandle                          0x200000c8   Data           4  tasks.o(.data)
    uxSchedulerSuspended                     0x200000cc   Data           4  tasks.o(.data)
    .data                                    0x200000d0   Section       20  timers.o(.data)
    pxCurrentTimerList                       0x200000d0   Data           4  timers.o(.data)
    pxOverflowTimerList                      0x200000d4   Data           4  timers.o(.data)
    xTimerQueue                              0x200000d8   Data           4  timers.o(.data)
    xTimerTaskHandle                         0x200000dc   Data           4  timers.o(.data)
    xLastTime                                0x200000e0   Data           4  timers.o(.data)
    .data                                    0x200000e4   Section        4  cmsis_os2.o(.data)
    KernelState                              0x200000e4   Data           4  cmsis_os2.o(.data)
    .data                                    0x200000e8   Section       24  heap_4.o(.data)
    pxEnd                                    0x200000e8   Data           4  heap_4.o(.data)
    xFreeBytesRemaining                      0x200000ec   Data           4  heap_4.o(.data)
    xMinimumEverFreeBytesRemaining           0x200000f0   Data           4  heap_4.o(.data)
    xBlockAllocatedBit                       0x200000f4   Data           4  heap_4.o(.data)
    xStart                                   0x200000f8   Data           8  heap_4.o(.data)
    .data                                    0x20000100   Section       12  port.o(.data)
    ucMaxSysCallPriority                     0x20000100   Data           1  port.o(.data)
    uxCriticalNesting                        0x20000104   Data           4  port.o(.data)
    ulMaxPRIGROUPValue                       0x20000108   Data           4  port.o(.data)
    .bss                                     0x2000010c   Section      512  main.o(.bss)
    .bss                                     0x2000030c   Section       92  main.o(.bss)
    .bss                                     0x20000368   Section      512  main.o(.bss)
    .bss                                     0x20000568   Section       92  main.o(.bss)
    .bss                                     0x200005c4   Section       64  stm32f3xx_hal_timebase_tim.o(.bss)
    .bss                                     0x20000604   Section      248  segger_rtt.o(.bss)
    _acUpBuffer                              0x200006ac   Data          64  segger_rtt.o(.bss)
    _acDownBuffer                            0x200006ec   Data          16  segger_rtt.o(.bss)
    .bss                                     0x200006fc   Section     6228  trckernelport.o(.bss)
    stackTzCtrl                              0x2000074c   Data        1024  trckernelport.o(.bss)
    tcbTzCtrl                                0x20000b4c   Data          92  trckernelport.o(.bss)
    _TzCtrlData                              0x20001f30   Data          32  trckernelport.o(.bss)
    .bss                                     0x20001f50   Section     1712  trcstreamingrecorder.o(.bss)
    symbolTable                              0x20001f50   Data        1280  trcstreamingrecorder.o(.bss)
    objectDataTable                          0x20002450   Data         320  trcstreamingrecorder.o(.bss)
    ISR_stack                                0x20002590   Data          32  trcstreamingrecorder.o(.bss)
    .bss                                     0x20002600   Section       64  queue.o(.bss)
    .bss                                     0x20002640   Section     1220  tasks.o(.bss)
    pxReadyTasksLists                        0x20002640   Data        1120  tasks.o(.bss)
    xDelayedTaskList1                        0x20002aa0   Data          20  tasks.o(.bss)
    xDelayedTaskList2                        0x20002ab4   Data          20  tasks.o(.bss)
    xPendingReadyList                        0x20002ac8   Data          20  tasks.o(.bss)
    xTasksWaitingTermination                 0x20002adc   Data          20  tasks.o(.bss)
    xSuspendedTaskList                       0x20002af0   Data          20  tasks.o(.bss)
    .bss                                     0x20002b04   Section      280  timers.o(.bss)
    xActiveTimerList1                        0x20002b04   Data          20  timers.o(.bss)
    xActiveTimerList2                        0x20002b18   Data          20  timers.o(.bss)
    xStaticTimerQueue                        0x20002b2c   Data          80  timers.o(.bss)
    ucStaticTimerQueueStorage                0x20002b7c   Data         160  timers.o(.bss)
    .bss                                     0x20002c1c   Section     1720  cmsis_os2.o(.bss)
    Idle_TCB                                 0x20002c1c   Data          92  cmsis_os2.o(.bss)
    Idle_Stack                               0x20002c78   Data         512  cmsis_os2.o(.bss)
    Timer_TCB                                0x20002e78   Data          92  cmsis_os2.o(.bss)
    Timer_Stack                              0x20002ed4   Data        1024  cmsis_os2.o(.bss)
    .bss                                     0x200032d4   Section     3072  heap_4.o(.bss)
    ucHeap                                   0x200032d4   Data        3072  heap_4.o(.bss)
    STACK                                    0x20003ed8   Section     1024  startup_stm32f303xc.o(STACK)

    Global Symbols

    Symbol Name                              Value     Ov Type        Size  Object(Section)

    BuildAttributes$$THM_ISAv4$E$P$D$K$B$S$7EM$VFPi3$EXTD16$VFPS$VFMA$PE$A:L22UL41UL21$X:L11$S22US41US21$IEEE1$IW$USESV6$~STKCKD$USESV7$~SHL$OSPACE$ROPI$EBA8$MICROLIB$REQ8$PRES8$EABIv2 0x00000000   Number         0  anon$$obj.o ABSOLUTE
    __ARM_use_no_argv                        0x00000000   Number         0  main.o ABSOLUTE
    __cpp_initialize__aeabi_                  - Undefined Weak Reference
    __cxa_finalize                            - Undefined Weak Reference
    __decompress                              - Undefined Weak Reference
    _clock_init                               - Undefined Weak Reference
    _microlib_exit                            - Undefined Weak Reference
    __Vectors_Size                           0x00000188   Number         0  startup_stm32f303xc.o ABSOLUTE
    __Vectors                                0x08000000   Data           4  startup_stm32f303xc.o(RESET)
    __Vectors_End                            0x08000188   Data           0  startup_stm32f303xc.o(RESET)
    __main                                   0x08000189   Thumb Code     0  entry.o(.ARM.Collect$$$$00000000)
    _main_stk                                0x08000189   Thumb Code     0  entry2.o(.ARM.Collect$$$$00000001)
    _main_scatterload                        0x0800018d   Thumb Code     0  entry5.o(.ARM.Collect$$$$00000004)
    __main_after_scatterload                 0x08000191   Thumb Code     0  entry5.o(.ARM.Collect$$$$00000004)
    _main_clock                              0x08000191   Thumb Code     0  entry7b.o(.ARM.Collect$$$$00000008)
    _main_cpp_init                           0x08000191   Thumb Code     0  entry8b.o(.ARM.Collect$$$$0000000A)
    _main_init                               0x08000191   Thumb Code     0  entry9a.o(.ARM.Collect$$$$0000000B)
    __rt_final_cpp                           0x08000199   Thumb Code     0  entry10a.o(.ARM.Collect$$$$0000000D)
    __rt_final_exit                          0x08000199   Thumb Code     0  entry11a.o(.ARM.Collect$$$$0000000F)
    SVC_Handler                              0x0800019d   Thumb Code    28  port.o(.emb_text)
    __asm___6_port_c_39a90d8d__prvStartFirstTask 0x080001bd   Thumb Code    36  port.o(.emb_text)
    __asm___6_port_c_39a90d8d__prvEnableVFP  0x080001e5   Thumb Code    16  port.o(.emb_text)
    PendSV_Handler                           0x080001f9   Thumb Code    88  port.o(.emb_text)
    vPortGetIPSR                             0x08000255   Thumb Code     6  port.o(.emb_text)
    Reset_Handler                            0x0800025d   Thumb Code     8  startup_stm32f303xc.o(.text)
    ADC1_2_IRQHandler                        0x08000277   Thumb Code     0  startup_stm32f303xc.o(.text)
    ADC3_IRQHandler                          0x08000277   Thumb Code     0  startup_stm32f303xc.o(.text)
    ADC4_IRQHandler                          0x08000277   Thumb Code     0  startup_stm32f303xc.o(.text)
    CAN_RX1_IRQHandler                       0x08000277   Thumb Code     0  startup_stm32f303xc.o(.text)
    CAN_SCE_IRQHandler                       0x08000277   Thumb Code     0  startup_stm32f303xc.o(.text)
    COMP1_2_3_IRQHandler                     0x08000277   Thumb Code     0  startup_stm32f303xc.o(.text)
    COMP4_5_6_IRQHandler                     0x08000277   Thumb Code     0  startup_stm32f303xc.o(.text)
    COMP7_IRQHandler                         0x08000277   Thumb Code     0  startup_stm32f303xc.o(.text)
    DMA1_Channel1_IRQHandler                 0x08000277   Thumb Code     0  startup_stm32f303xc.o(.text)
    DMA1_Channel2_IRQHandler                 0x08000277   Thumb Code     0  startup_stm32f303xc.o(.text)
    DMA1_Channel3_IRQHandler                 0x08000277   Thumb Code     0  startup_stm32f303xc.o(.text)
    DMA1_Channel4_IRQHandler                 0x08000277   Thumb Code     0  startup_stm32f303xc.o(.text)
    DMA1_Channel5_IRQHandler                 0x08000277   Thumb Code     0  startup_stm32f303xc.o(.text)
    DMA1_Channel6_IRQHandler                 0x08000277   Thumb Code     0  startup_stm32f303xc.o(.text)
    DMA1_Channel7_IRQHandler                 0x08000277   Thumb Code     0  startup_stm32f303xc.o(.text)
    DMA2_Channel1_IRQHandler                 0x08000277   Thumb Code     0  startup_stm32f303xc.o(.text)
    DMA2_Channel2_IRQHandler                 0x08000277   Thumb Code     0  startup_stm32f303xc.o(.text)
    DMA2_Channel3_IRQHandler                 0x08000277   Thumb Code     0  startup_stm32f303xc.o(.text)
    DMA2_Channel4_IRQHandler                 0x08000277   Thumb Code     0  startup_stm32f303xc.o(.text)
    DMA2_Channel5_IRQHandler                 0x08000277   Thumb Code     0  startup_stm32f303xc.o(.text)
    EXTI0_IRQHandler                         0x08000277   Thumb Code     0  startup_stm32f303xc.o(.text)
    EXTI15_10_IRQHandler                     0x08000277   Thumb Code     0  startup_stm32f303xc.o(.text)
    EXTI1_IRQHandler                         0x08000277   Thumb Code     0  startup_stm32f303xc.o(.text)
    EXTI2_TSC_IRQHandler                     0x08000277   Thumb Code     0  startup_stm32f303xc.o(.text)
    EXTI3_IRQHandler                         0x08000277   Thumb Code     0  startup_stm32f303xc.o(.text)
    EXTI4_IRQHandler                         0x08000277   Thumb Code     0  startup_stm32f303xc.o(.text)
    EXTI9_5_IRQHandler                       0x08000277   Thumb Code     0  startup_stm32f303xc.o(.text)
    FLASH_IRQHandler                         0x08000277   Thumb Code     0  startup_stm32f303xc.o(.text)
    FPU_IRQHandler                           0x08000277   Thumb Code     0  startup_stm32f303xc.o(.text)
    I2C1_ER_IRQHandler                       0x08000277   Thumb Code     0  startup_stm32f303xc.o(.text)
    I2C1_EV_IRQHandler                       0x08000277   Thumb Code     0  startup_stm32f303xc.o(.text)
    I2C2_ER_IRQHandler                       0x08000277   Thumb Code     0  startup_stm32f303xc.o(.text)
    I2C2_EV_IRQHandler                       0x08000277   Thumb Code     0  startup_stm32f303xc.o(.text)
    PVD_IRQHandler                           0x08000277   Thumb Code     0  startup_stm32f303xc.o(.text)
    RCC_IRQHandler                           0x08000277   Thumb Code     0  startup_stm32f303xc.o(.text)
    RTC_Alarm_IRQHandler                     0x08000277   Thumb Code     0  startup_stm32f303xc.o(.text)
    RTC_WKUP_IRQHandler                      0x08000277   Thumb Code     0  startup_stm32f303xc.o(.text)
    SPI1_IRQHandler                          0x08000277   Thumb Code     0  startup_stm32f303xc.o(.text)
    SPI2_IRQHandler                          0x08000277   Thumb Code     0  startup_stm32f303xc.o(.text)
    SPI3_IRQHandler                          0x08000277   Thumb Code     0  startup_stm32f303xc.o(.text)
    TAMP_STAMP_IRQHandler                    0x08000277   Thumb Code     0  startup_stm32f303xc.o(.text)
    TIM1_BRK_TIM15_IRQHandler                0x08000277   Thumb Code     0  startup_stm32f303xc.o(.text)
    TIM1_CC_IRQHandler                       0x08000277   Thumb Code     0  startup_stm32f303xc.o(.text)
    TIM1_TRG_COM_TIM17_IRQHandler            0x08000277   Thumb Code     0  startup_stm32f303xc.o(.text)
    TIM2_IRQHandler                          0x08000277   Thumb Code     0  startup_stm32f303xc.o(.text)
    TIM3_IRQHandler                          0x08000277   Thumb Code     0  startup_stm32f303xc.o(.text)
    TIM4_IRQHandler                          0x08000277   Thumb Code     0  startup_stm32f303xc.o(.text)
    TIM6_DAC_IRQHandler                      0x08000277   Thumb Code     0  startup_stm32f303xc.o(.text)
    TIM7_IRQHandler                          0x08000277   Thumb Code     0  startup_stm32f303xc.o(.text)
    TIM8_BRK_IRQHandler                      0x08000277   Thumb Code     0  startup_stm32f303xc.o(.text)
    TIM8_CC_IRQHandler                       0x08000277   Thumb Code     0  startup_stm32f303xc.o(.text)
    TIM8_TRG_COM_IRQHandler                  0x08000277   Thumb Code     0  startup_stm32f303xc.o(.text)
    TIM8_UP_IRQHandler                       0x08000277   Thumb Code     0  startup_stm32f303xc.o(.text)
    UART4_IRQHandler                         0x08000277   Thumb Code     0  startup_stm32f303xc.o(.text)
    UART5_IRQHandler                         0x08000277   Thumb Code     0  startup_stm32f303xc.o(.text)
    USART1_IRQHandler                        0x08000277   Thumb Code     0  startup_stm32f303xc.o(.text)
    USART2_IRQHandler                        0x08000277   Thumb Code     0  startup_stm32f303xc.o(.text)
    USART3_IRQHandler                        0x08000277   Thumb Code     0  startup_stm32f303xc.o(.text)
    USBWakeUp_IRQHandler                     0x08000277   Thumb Code     0  startup_stm32f303xc.o(.text)
    USBWakeUp_RMP_IRQHandler                 0x08000277   Thumb Code     0  startup_stm32f303xc.o(.text)
    USB_HP_CAN_TX_IRQHandler                 0x08000277   Thumb Code     0  startup_stm32f303xc.o(.text)
    USB_HP_IRQHandler                        0x08000277   Thumb Code     0  startup_stm32f303xc.o(.text)
    USB_LP_CAN_RX0_IRQHandler                0x08000277   Thumb Code     0  startup_stm32f303xc.o(.text)
    USB_LP_IRQHandler                        0x08000277   Thumb Code     0  startup_stm32f303xc.o(.text)
    WWDG_IRQHandler                          0x08000277   Thumb Code     0  startup_stm32f303xc.o(.text)
    __aeabi_uldivmod                         0x08000281   Thumb Code    98  uldiv.o(.text)
    __aeabi_llsr                             0x080002e3   Thumb Code    32  llushr.o(.text)
    _ll_ushift_r                             0x080002e3   Thumb Code     0  llushr.o(.text)
    __aeabi_memcpy                           0x08000303   Thumb Code    36  memcpya.o(.text)
    __aeabi_memcpy4                          0x08000303   Thumb Code     0  memcpya.o(.text)
    __aeabi_memcpy8                          0x08000303   Thumb Code     0  memcpya.o(.text)
    __aeabi_memset                           0x08000327   Thumb Code    14  memseta.o(.text)
    __aeabi_memset4                          0x08000327   Thumb Code     0  memseta.o(.text)
    __aeabi_memset8                          0x08000327   Thumb Code     0  memseta.o(.text)
    __aeabi_memclr                           0x08000335   Thumb Code     4  memseta.o(.text)
    __aeabi_memclr4                          0x08000335   Thumb Code     0  memseta.o(.text)
    __aeabi_memclr8                          0x08000335   Thumb Code     0  memseta.o(.text)
    memset                                   0x08000339   Thumb Code    18  memseta.o(.text)
    strcpy                                   0x0800034b   Thumb Code    18  strcpy.o(.text)
    __aeabi_llsl                             0x0800035d   Thumb Code    30  llshl.o(.text)
    _ll_shift_l                              0x0800035d   Thumb Code     0  llshl.o(.text)
    __scatterload                            0x0800037d   Thumb Code    28  init.o(.text)
    __scatterload_rt2                        0x0800037d   Thumb Code     0  init.o(.text)
    BusFault_Handler                         0x080003a1   Thumb Code     2  stm32f3xx_it.o(i.BusFault_Handler)
    DebugMon_Handler                         0x080003a3   Thumb Code     2  stm32f3xx_it.o(i.DebugMon_Handler)
    HAL_GPIO_Init                            0x080003a5   Thumb Code   364  stm32f3xx_hal_gpio.o(i.HAL_GPIO_Init)
    HAL_GPIO_WritePin                        0x0800052d   Thumb Code    10  stm32f3xx_hal_gpio.o(i.HAL_GPIO_WritePin)
    HAL_GetTick                              0x08000539   Thumb Code     6  stm32f3xx_hal.o(i.HAL_GetTick)
    HAL_IncTick                              0x08000545   Thumb Code    12  stm32f3xx_hal.o(i.HAL_IncTick)
    HAL_Init                                 0x08000555   Thumb Code    32  stm32f3xx_hal.o(i.HAL_Init)
    HAL_InitTick                             0x08000579   Thumb Code    98  stm32f3xx_hal_timebase_tim.o(i.HAL_InitTick)
    HAL_MspInit                              0x080005ed   Thumb Code    48  stm32f3xx_hal_msp.o(i.HAL_MspInit)
    HAL_NVIC_EnableIRQ                       0x08000621   Thumb Code    26  stm32f3xx_hal_cortex.o(i.HAL_NVIC_EnableIRQ)
    HAL_NVIC_SetPriority                     0x0800063d   Thumb Code    60  stm32f3xx_hal_cortex.o(i.HAL_NVIC_SetPriority)
    HAL_NVIC_SetPriorityGrouping             0x0800067d   Thumb Code    26  stm32f3xx_hal_cortex.o(i.HAL_NVIC_SetPriorityGrouping)
    HAL_RCC_ClockConfig                      0x080006a1   Thumb Code   308  stm32f3xx_hal_rcc.o(i.HAL_RCC_ClockConfig)
    HAL_RCC_GetClockConfig                   0x080007e9   Thumb Code    54  stm32f3xx_hal_rcc.o(i.HAL_RCC_GetClockConfig)
    HAL_RCC_GetPCLK2Freq                     0x08000829   Thumb Code    34  stm32f3xx_hal_rcc.o(i.HAL_RCC_GetPCLK2Freq)
    HAL_RCC_GetSysClockFreq                  0x08000859   Thumb Code    92  stm32f3xx_hal_rcc.o(i.HAL_RCC_GetSysClockFreq)
    HAL_RCC_OscConfig                        0x080008c5   Thumb Code  1480  stm32f3xx_hal_rcc.o(i.HAL_RCC_OscConfig)
    HAL_TIMEx_Break2Callback                 0x08000e8d   Thumb Code     2  stm32f3xx_hal_tim_ex.o(i.HAL_TIMEx_Break2Callback)
    HAL_TIMEx_BreakCallback                  0x08000e8f   Thumb Code     2  stm32f3xx_hal_tim_ex.o(i.HAL_TIMEx_BreakCallback)
    HAL_TIMEx_CommutCallback                 0x08000e91   Thumb Code     2  stm32f3xx_hal_tim_ex.o(i.HAL_TIMEx_CommutCallback)
    HAL_TIM_Base_Init                        0x08000e93   Thumb Code    54  stm32f3xx_hal_tim.o(i.HAL_TIM_Base_Init)
    HAL_TIM_Base_MspInit                     0x08000ec9   Thumb Code     2  stm32f3xx_hal_tim.o(i.HAL_TIM_Base_MspInit)
    HAL_TIM_Base_Start_IT                    0x08000ecd   Thumb Code    40  stm32f3xx_hal_tim.o(i.HAL_TIM_Base_Start_IT)
    HAL_TIM_IC_CaptureCallback               0x08000ef9   Thumb Code     2  stm32f3xx_hal_tim.o(i.HAL_TIM_IC_CaptureCallback)
    HAL_TIM_IRQHandler                       0x08000efb   Thumb Code   388  stm32f3xx_hal_tim.o(i.HAL_TIM_IRQHandler)
    HAL_TIM_OC_DelayElapsedCallback          0x0800107f   Thumb Code     2  stm32f3xx_hal_tim.o(i.HAL_TIM_OC_DelayElapsedCallback)
    HAL_TIM_PWM_PulseFinishedCallback        0x08001081   Thumb Code     2  stm32f3xx_hal_tim.o(i.HAL_TIM_PWM_PulseFinishedCallback)
    HAL_TIM_PeriodElapsedCallback            0x08001085   Thumb Code    14  main.o(i.HAL_TIM_PeriodElapsedCallback)
    HAL_TIM_TriggerCallback                  0x08001099   Thumb Code     2  stm32f3xx_hal_tim.o(i.HAL_TIM_TriggerCallback)
    HardFault_Handler                        0x0800109b   Thumb Code     2  stm32f3xx_it.o(i.HardFault_Handler)
    MemManage_Handler                        0x0800109d   Thumb Code     2  stm32f3xx_it.o(i.MemManage_Handler)
    NMI_Handler                              0x0800109f   Thumb Code     2  stm32f3xx_it.o(i.NMI_Handler)
    SEGGER_RTT_Write                         0x080010a1   Thumb Code    50  segger_rtt.o(i.SEGGER_RTT_Write)
    SEGGER_RTT_WriteNoLock                   0x080010d9   Thumb Code    86  segger_rtt.o(i.SEGGER_RTT_WriteNoLock)
    StartDefaultTask                         0x08001135   Thumb Code     8  main.o(i.StartDefaultTask)
    SysTick_Handler                          0x0800113d   Thumb Code    38  port.o(i.SysTick_Handler)
    SystemClock_Config                       0x08001169   Thumb Code    66  main.o(i.SystemClock_Config)
    SystemInit                               0x080011ad   Thumb Code    22  system_stm32f3xx_1.o(i.SystemInit)
    TIM1_UP_TIM16_IRQHandler                 0x080011c9   Thumb Code     6  stm32f3xx_it.o(i.TIM1_UP_TIM16_IRQHandler)
    TIM_Base_SetConfig                       0x080011d5   Thumb Code   146  stm32f3xx_hal_tim.o(i.TIM_Base_SetConfig)
    UsageFault_Handler                       0x08001285   Thumb Code     2  stm32f3xx_it.o(i.UsageFault_Handler)
    __scatterload_copy                       0x080013c3   Thumb Code    14  handlers.o(i.__scatterload_copy)
    __scatterload_null                       0x080013d1   Thumb Code     2  handlers.o(i.__scatterload_null)
    __scatterload_zeroinit                   0x080013d3   Thumb Code    14  handlers.o(i.__scatterload_zeroinit)
    blink_LED                                0x080013e1   Thumb Code     8  main.o(i.blink_LED)
    main                                     0x080013e9   Thumb Code   110  main.o(i.main)
    osDelay                                  0x08001471   Thumb Code    46  cmsis_os2.o(i.osDelay)
    osKernelInitialize                       0x080014a5   Thumb Code    50  cmsis_os2.o(i.osKernelInitialize)
    osKernelStart                            0x080014dd   Thumb Code    58  cmsis_os2.o(i.osKernelStart)
    osThreadNew                              0x0800151d   Thumb Code   160  cmsis_os2.o(i.osThreadNew)
    prvAddTaskToStackMonitor                 0x08001761   Thumb Code    42  trckernelport.o(i.prvAddTaskToStackMonitor)
    prvIsNewTCB                              0x08001b09   Thumb Code    18  trckernelport.o(i.prvIsNewTCB)
    prvTraceError                            0x08001e55   Thumb Code    62  trcstreamingrecorder.o(i.prvTraceError)
    prvTraceGetCurrentTaskHandle             0x08001ec1   Thumb Code     4  trckernelport.o(i.prvTraceGetCurrentTaskHandle)
    prvTraceGetQueueNumber                   0x08002185   Thumb Code     4  trckernelport.o(i.prvTraceGetQueueNumber)
    prvTraceGetQueueNumberHigh16             0x08002189   Thumb Code    10  trckernelport.o(i.prvTraceGetQueueNumberHigh16)
    prvTraceGetTaskNumberHigh16              0x08002193   Thumb Code    10  trckernelport.o(i.prvTraceGetTaskNumberHigh16)
    prvTraceSaveObjectData                   0x0800219d   Thumb Code    84  trcstreamingrecorder.o(i.prvTraceSaveObjectData)
    prvTraceSaveObjectSymbol                 0x080021f9   Thumb Code    88  trcstreamingrecorder.o(i.prvTraceSaveObjectSymbol)
    prvTraceSetQueueNumberHigh16             0x08002259   Thumb Code    26  trckernelport.o(i.prvTraceSetQueueNumberHigh16)
    prvTraceSetTaskNumberHigh16              0x08002273   Thumb Code    26  trckernelport.o(i.prvTraceSetTaskNumberHigh16)
    prvTraceStoreEvent1                      0x0800228d   Thumb Code    90  trcstreamingrecorder.o(i.prvTraceStoreEvent1)
    prvTraceStoreEvent2                      0x080022f1   Thumb Code    96  trcstreamingrecorder.o(i.prvTraceStoreEvent2)
    prvTraceStoreEvent3                      0x08002359   Thumb Code    96  trcstreamingrecorder.o(i.prvTraceStoreEvent3)
    prvTraceStoreSimpleStringEventHelper     0x080024b9   Thumb Code   194  trcstreamingrecorder.o(i.prvTraceStoreSimpleStringEventHelper)
    prvTraceStoreStringEvent                 0x08002611   Thumb Code    38  trcstreamingrecorder.o(i.prvTraceStoreStringEvent)
    prvTraceWarning                          0x08002809   Thumb Code    42  trcstreamingrecorder.o(i.prvTraceWarning)
    pvPortMalloc                             0x080028a9   Thumb Code   252  heap_4.o(i.pvPortMalloc)
    pxPortInitialiseStack                    0x080029b1   Thumb Code    40  port.o(i.pxPortInitialiseStack)
    uxListRemove                             0x080029dd   Thumb Code    38  list.o(i.uxListRemove)
    uxQueueGetQueueNumber                    0x08002a03   Thumb Code     4  queue.o(i.uxQueueGetQueueNumber)
    uxTaskGetTaskNumber                      0x08002a07   Thumb Code     8  tasks.o(i.uxTaskGetTaskNumber)
    vApplicationGetIdleTaskMemory            0x08002a11   Thumb Code    16  cmsis_os2.o(i.vApplicationGetIdleTaskMemory)
    vApplicationGetTimerTaskMemory           0x08002a25   Thumb Code    18  cmsis_os2.o(i.vApplicationGetTimerTaskMemory)
    vListInitialise                          0x08002a3d   Thumb Code    22  list.o(i.vListInitialise)
    vListInitialiseItem                      0x08002a53   Thumb Code     6  list.o(i.vListInitialiseItem)
    vListInsert                              0x08002a59   Thumb Code    48  list.o(i.vListInsert)
    vListInsertEnd                           0x08002a89   Thumb Code    24  list.o(i.vListInsertEnd)
    vPortEnterCritical                       0x08002aa1   Thumb Code    54  port.o(i.vPortEnterCritical)
    vPortExitCritical                        0x08002ae1   Thumb Code    34  port.o(i.vPortExitCritical)
    vPortFree                                0x08002b09   Thumb Code   124  heap_4.o(i.vPortFree)
    vPortSetupTimerInterrupt                 0x08002b91   Thumb Code    32  port.o(i.vPortSetupTimerInterrupt)
    vPortValidateInterruptPriority           0x08002bb5   Thumb Code    74  port.o(i.vPortValidateInterruptPriority)
    vQueueAddToRegistry                      0x08002c09   Thumb Code    62  queue.o(i.vQueueAddToRegistry)
    vQueueSetQueueNumber                     0x08002c4d   Thumb Code     4  queue.o(i.vQueueSetQueueNumber)
    vQueueWaitForMessageRestricted           0x08002c51   Thumb Code    68  queue.o(i.vQueueWaitForMessageRestricted)
    vTaskDelay                               0x08002c95   Thumb Code    90  tasks.o(i.vTaskDelay)
    vTaskInternalSetTimeOutState             0x08002cfd   Thumb Code    12  tasks.o(i.vTaskInternalSetTimeOutState)
    vTaskMissedYield                         0x08002d0d   Thumb Code     8  tasks.o(i.vTaskMissedYield)
    vTaskPlaceOnEventList                    0x08002d19   Thumb Code    44  tasks.o(i.vTaskPlaceOnEventList)
    vTaskPlaceOnEventListRestricted          0x08002d49   Thumb Code    78  tasks.o(i.vTaskPlaceOnEventListRestricted)
    vTaskSetTaskNumber                       0x08002da1   Thumb Code     8  tasks.o(i.vTaskSetTaskNumber)
    vTaskStartScheduler                      0x08002da9   Thumb Code   118  tasks.o(i.vTaskStartScheduler)
    vTaskSuspendAll                          0x08002e31   Thumb Code    10  tasks.o(i.vTaskSuspendAll)
    vTaskSwitchContext                       0x08002e41   Thumb Code   134  tasks.o(i.vTaskSwitchContext)
    vTraceStop                               0x08002ed9   Thumb Code     6  trcstreamingrecorder.o(i.vTraceStop)
    writeToRTT                               0x08002edf   Thumb Code    22  trcstreamingport.o(i.writeToRTT)
    xPortStartScheduler                      0x08002ef5   Thumb Code   222  port.o(i.xPortStartScheduler)
    xQueueGenericCreateStatic                0x08002fe9   Thumb Code   102  queue.o(i.xQueueGenericCreateStatic)
    xQueueGenericReset                       0x08003051   Thumb Code   132  queue.o(i.xQueueGenericReset)
    xQueueGenericSend                        0x080030d9   Thumb Code   650  queue.o(i.xQueueGenericSend)
    xQueueGenericSendFromISR                 0x0800336d   Thumb Code   306  queue.o(i.xQueueGenericSendFromISR)
    xQueueReceive                            0x080034a5   Thumb Code   604  queue.o(i.xQueueReceive)
    xTaskCheckForTimeOut                     0x08003709   Thumb Code   112  tasks.o(i.xTaskCheckForTimeOut)
    xTaskCreate                              0x0800377d   Thumb Code    90  tasks.o(i.xTaskCreate)
    xTaskCreateStatic                        0x080037d7   Thumb Code    86  tasks.o(i.xTaskCreateStatic)
    xTaskGetCurrentTaskHandle                0x0800382d   Thumb Code     6  tasks.o(i.xTaskGetCurrentTaskHandle)
    xTaskGetSchedulerState                   0x08003839   Thumb Code    22  tasks.o(i.xTaskGetSchedulerState)
    xTaskGetTickCount                        0x08003855   Thumb Code     6  tasks.o(i.xTaskGetTickCount)
    xTaskIncrementTick                       0x08003861   Thumb Code   244  tasks.o(i.xTaskIncrementTick)
    xTaskPriorityDisinherit                  0x08003965   Thumb Code   176  tasks.o(i.xTaskPriorityDisinherit)
    xTaskRemoveFromEventList                 0x08003a21   Thumb Code   120  tasks.o(i.xTaskRemoveFromEventList)
    xTaskResumeAll                           0x08003aa9   Thumb Code   202  tasks.o(i.xTaskResumeAll)
    xTimerCreateTimerTask                    0x08003b89   Thumb Code    78  timers.o(i.xTimerCreateTimerTask)
    xTimerGenericCommand                     0x08003be9   Thumb Code    98  timers.o(i.xTimerGenericCommand)
    defaultTask_attributes                   0x08003c50   Data          36  main.o(.constdata)
    blinkLED_attributes                      0x08003c74   Data          36  main.o(.constdata)
    aPLLMULFactorTable                       0x08003c98   Data          16  stm32f3xx_hal_rcc.o(.constdata)
    aPredivFactorTable                       0x08003ca8   Data          16  stm32f3xx_hal_rcc.o(.constdata)
    AHBPrescTable                            0x08003cb8   Data          16  system_stm32f3xx_1.o(.constdata)
    APBPrescTable                            0x08003cc8   Data           8  system_stm32f3xx_1.o(.constdata)
    Region$$Table$$Base                      0x08003ce8   Number         0  anon$$obj.o(Region$$Table)
    Region$$Table$$Limit                     0x08003d08   Number         0  anon$$obj.o(Region$$Table)
    defaultTaskHandle                        0x20000000   Data           4  main.o(.data)
    blinkLEDHandle                           0x20000004   Data           4  main.o(.data)
    tasksNotIncluded                         0x2000000c   Data           4  trckernelport.o(.data)
    trcWarningChannel                        0x20000018   Data           4  trckernelport.o(.data)
    CurrentFilterMask                        0x20000020   Data           2  trcstreamingrecorder.o(.data)
    CurrentFilterGroup                       0x20000022   Data           2  trcstreamingrecorder.o(.data)
    trcHeapCounter                           0x20000024   Data           4  trcstreamingrecorder.o(.data)
    RecorderEnabled                          0x2000003c   Data           4  trcstreamingrecorder.o(.data)
    isPendingContextSwitch                   0x20000048   Data           4  trcstreamingrecorder.o(.data)
    uiTraceTickCount                         0x2000004c   Data           4  trcstreamingrecorder.o(.data)
    timestampFrequency                       0x20000050   Data           4  trcstreamingrecorder.o(.data)
    DroppedEventCounter                      0x20000054   Data           4  trcstreamingrecorder.o(.data)
    TotalBytesRemaining_LowWaterMark         0x20000058   Data           4  trcstreamingrecorder.o(.data)
    TotalBytesRemaining                      0x2000005c   Data           4  trcstreamingrecorder.o(.data)
    EventBuffer                              0x20000060   Data           4  trcstreamingrecorder.o(.data)
    PSFExtensionInfo                         0x20000064   Data           4  trcstreamingrecorder.o(.data)
    NoRoomForSymbol                          0x20000068   Data           4  trcstreamingrecorder.o(.data)
    NoRoomForObjectData                      0x2000006c   Data           4  trcstreamingrecorder.o(.data)
    LongestSymbolName                        0x20000070   Data           4  trcstreamingrecorder.o(.data)
    MaxBytesTruncated                        0x20000074   Data           4  trcstreamingrecorder.o(.data)
    uiTraceSystemState                       0x20000078   Data           4  trcstreamingrecorder.o(.data)
    uwTickFreq                               0x20000084   Data           1  stm32f3xx_hal.o(.data)
    uwTickPrio                               0x20000088   Data           4  stm32f3xx_hal.o(.data)
    uwTick                                   0x2000008c   Data           4  stm32f3xx_hal.o(.data)
    SystemCoreClock                          0x20000090   Data           4  system_stm32f3xx_1.o(.data)
    pxCurrentTCB                             0x20000094   Data           4  tasks.o(.data)
    defaultTaskBuffer                        0x2000010c   Data         512  main.o(.bss)
    defaultTaskControlBlock                  0x2000030c   Data          92  main.o(.bss)
    blinkLedBuffer                           0x20000368   Data         512  main.o(.bss)
    blinkLedControlBlock                     0x20000568   Data          92  main.o(.bss)
    htim1                                    0x200005c4   Data          64  stm32f3xx_hal_timebase_tim.o(.bss)
    _SEGGER_RTT                              0x20000604   Data         168  segger_rtt.o(.bss)
    tasksInStackMonitor                      0x200006fc   Data          80  trckernelport.o(.bss)
    _TzTraceData                             0x20000ba8   Data        5000  trckernelport.o(.bss)
    PageInfo                                 0x200025b0   Data          80  trcstreamingrecorder.o(.bss)
    xQueueRegistry                           0x20002600   Data          64  queue.o(.bss)
    __initial_sp                             0x200042d8   Data           0  startup_stm32f303xc.o(STACK)



==============================================================================

Memory Map of the image

  Image Entry point : 0x08000189

  Load Region LR_IROM1 (Base: 0x08000000, Size: 0x00003e14, Max: 0x00040000, ABSOLUTE)

    Execution Region ER_IROM1 (Exec base: 0x08000000, Load base: 0x08000000, Size: 0x00003d08, Max: 0x00040000, ABSOLUTE)

    Exec Addr    Load Addr    Size         Type   Attr      Idx    E Section Name        Object

    0x08000000   0x08000000   0x00000188   Data   RO            3    RESET               startup_stm32f303xc.o
    0x08000188   0x08000188   0x00000000   Code   RO         5334  * .ARM.Collect$$$$00000000  mc_w.l(entry.o)
    0x08000188   0x08000188   0x00000004   Code   RO         5381    .ARM.Collect$$$$00000001  mc_w.l(entry2.o)
    0x0800018c   0x0800018c   0x00000004   Code   RO         5384    .ARM.Collect$$$$00000004  mc_w.l(entry5.o)
    0x08000190   0x08000190   0x00000000   Code   RO         5386    .ARM.Collect$$$$00000008  mc_w.l(entry7b.o)
    0x08000190   0x08000190   0x00000000   Code   RO         5388    .ARM.Collect$$$$0000000A  mc_w.l(entry8b.o)
    0x08000190   0x08000190   0x00000008   Code   RO         5389    .ARM.Collect$$$$0000000B  mc_w.l(entry9a.o)
    0x08000198   0x08000198   0x00000000   Code   RO         5391    .ARM.Collect$$$$0000000D  mc_w.l(entry10a.o)
    0x08000198   0x08000198   0x00000000   Code   RO         5393    .ARM.Collect$$$$0000000F  mc_w.l(entry11a.o)
    0x08000198   0x08000198   0x00000004   Code   RO         5382    .ARM.Collect$$$$00002712  mc_w.l(entry2.o)
    0x0800019c   0x0800019c   0x000000be   Code   RO         5248    .emb_text           port.o
    0x0800025a   0x0800025a   0x00000002   PAD
    0x0800025c   0x0800025c   0x00000024   Code   RO            4    .text               startup_stm32f303xc.o
    0x08000280   0x08000280   0x00000062   Code   RO         5337    .text               mc_w.l(uldiv.o)
    0x080002e2   0x080002e2   0x00000020   Code   RO         5339    .text               mc_w.l(llushr.o)
    0x08000302   0x08000302   0x00000024   Code   RO         5341    .text               mc_w.l(memcpya.o)
    0x08000326   0x08000326   0x00000024   Code   RO         5345    .text               mc_w.l(memseta.o)
    0x0800034a   0x0800034a   0x00000012   Code   RO         5349    .text               mc_w.l(strcpy.o)
    0x0800035c   0x0800035c   0x0000001e   Code   RO         5400    .text               mc_w.l(llshl.o)
    0x0800037a   0x0800037a   0x00000002   PAD
    0x0800037c   0x0800037c   0x00000024   Code   RO         5413    .text               mc_w.l(init.o)
    0x080003a0   0x080003a0   0x00000002   Code   RO          262    i.BusFault_Handler  stm32f3xx_it.o
    0x080003a2   0x080003a2   0x00000002   Code   RO          263    i.DebugMon_Handler  stm32f3xx_it.o
    0x080003a4   0x080003a4   0x00000188   Code   RO         1403    i.HAL_GPIO_Init     stm32f3xx_hal_gpio.o
    0x0800052c   0x0800052c   0x0000000a   Code   RO         1407    i.HAL_GPIO_WritePin  stm32f3xx_hal_gpio.o
    0x08000536   0x08000536   0x00000002   PAD
    0x08000538   0x08000538   0x0000000c   Code   RO         1090    i.HAL_GetTick       stm32f3xx_hal.o
    0x08000544   0x08000544   0x00000010   Code   RO         1096    i.HAL_IncTick       stm32f3xx_hal.o
    0x08000554   0x08000554   0x00000024   Code   RO         1097    i.HAL_Init          stm32f3xx_hal.o
    0x08000578   0x08000578   0x00000074   Code   RO          350    i.HAL_InitTick      stm32f3xx_hal_timebase_tim.o
    0x080005ec   0x080005ec   0x00000034   Code   RO          326    i.HAL_MspInit       stm32f3xx_hal_msp.o
    0x08000620   0x08000620   0x0000001a   Code   RO         1571    i.HAL_NVIC_EnableIRQ  stm32f3xx_hal_cortex.o
    0x0800063a   0x0800063a   0x00000002   PAD
    0x0800063c   0x0800063c   0x00000040   Code   RO         1577    i.HAL_NVIC_SetPriority  stm32f3xx_hal_cortex.o
    0x0800067c   0x0800067c   0x00000024   Code   RO         1578    i.HAL_NVIC_SetPriorityGrouping  stm32f3xx_hal_cortex.o
    0x080006a0   0x080006a0   0x00000148   Code   RO         1254    i.HAL_RCC_ClockConfig  stm32f3xx_hal_rcc.o
    0x080007e8   0x080007e8   0x00000040   Code   RO         1258    i.HAL_RCC_GetClockConfig  stm32f3xx_hal_rcc.o
    0x08000828   0x08000828   0x00000030   Code   RO         1262    i.HAL_RCC_GetPCLK2Freq  stm32f3xx_hal_rcc.o
    0x08000858   0x08000858   0x0000006c   Code   RO         1263    i.HAL_RCC_GetSysClockFreq  stm32f3xx_hal_rcc.o
    0x080008c4   0x080008c4   0x000005c8   Code   RO         1266    i.HAL_RCC_OscConfig  stm32f3xx_hal_rcc.o
    0x08000e8c   0x08000e8c   0x00000002   Code   RO         3309    i.HAL_TIMEx_Break2Callback  stm32f3xx_hal_tim_ex.o
    0x08000e8e   0x08000e8e   0x00000002   Code   RO         3310    i.HAL_TIMEx_BreakCallback  stm32f3xx_hal_tim_ex.o
    0x08000e90   0x08000e90   0x00000002   Code   RO         3311    i.HAL_TIMEx_CommutCallback  stm32f3xx_hal_tim_ex.o
    0x08000e92   0x08000e92   0x00000036   Code   RO         2612    i.HAL_TIM_Base_Init  stm32f3xx_hal_tim.o
    0x08000ec8   0x08000ec8   0x00000002   Code   RO         2614    i.HAL_TIM_Base_MspInit  stm32f3xx_hal_tim.o
    0x08000eca   0x08000eca   0x00000002   PAD
    0x08000ecc   0x08000ecc   0x0000002c   Code   RO         2617    i.HAL_TIM_Base_Start_IT  stm32f3xx_hal_tim.o
    0x08000ef8   0x08000ef8   0x00000002   Code   RO         2643    i.HAL_TIM_IC_CaptureCallback  stm32f3xx_hal_tim.o
    0x08000efa   0x08000efa   0x00000184   Code   RO         2657    i.HAL_TIM_IRQHandler  stm32f3xx_hal_tim.o
    0x0800107e   0x0800107e   0x00000002   Code   RO         2660    i.HAL_TIM_OC_DelayElapsedCallback  stm32f3xx_hal_tim.o
    0x08001080   0x08001080   0x00000002   Code   RO         2687    i.HAL_TIM_PWM_PulseFinishedCallback  stm32f3xx_hal_tim.o
    0x08001082   0x08001082   0x00000002   PAD
    0x08001084   0x08001084   0x00000014   Code   RO           14    i.HAL_TIM_PeriodElapsedCallback  main.o
    0x08001098   0x08001098   0x00000002   Code   RO         2700    i.HAL_TIM_TriggerCallback  stm32f3xx_hal_tim.o
    0x0800109a   0x0800109a   0x00000002   Code   RO          264    i.HardFault_Handler  stm32f3xx_it.o
    0x0800109c   0x0800109c   0x00000002   Code   RO          265    i.MemManage_Handler  stm32f3xx_it.o
    0x0800109e   0x0800109e   0x00000002   Code   RO          266    i.NMI_Handler       stm32f3xx_it.o
    0x080010a0   0x080010a0   0x00000038   Code   RO          403    i.SEGGER_RTT_Write  segger_rtt.o
    0x080010d8   0x080010d8   0x0000005c   Code   RO          404    i.SEGGER_RTT_WriteNoLock  segger_rtt.o
    0x08001134   0x08001134   0x00000008   Code   RO           15    i.StartDefaultTask  main.o
    0x0800113c   0x0800113c   0x0000002c   Code   RO         5249    i.SysTick_Handler   port.o
    0x08001168   0x08001168   0x00000042   Code   RO           16    i.SystemClock_Config  main.o
    0x080011aa   0x080011aa   0x00000002   PAD
    0x080011ac   0x080011ac   0x0000001c   Code   RO         3573    i.SystemInit        system_stm32f3xx_1.o
    0x080011c8   0x080011c8   0x0000000c   Code   RO          267    i.TIM1_UP_TIM16_IRQHandler  stm32f3xx_it.o
    0x080011d4   0x080011d4   0x000000b0   Code   RO         2702    i.TIM_Base_SetConfig  stm32f3xx_hal_tim.o
    0x08001284   0x08001284   0x00000002   Code   RO          268    i.UsageFault_Handler  stm32f3xx_it.o
    0x08001286   0x08001286   0x00000002   PAD
    0x08001288   0x08001288   0x00000068   Code   RO          408    i._DoInit           segger_rtt.o
    0x080012f0   0x080012f0   0x00000016   Code   RO          409    i._GetAvailWriteSpace  segger_rtt.o
    0x08001306   0x08001306   0x0000005a   Code   RO          411    i._WriteBlocking    segger_rtt.o
    0x08001360   0x08001360   0x00000042   Code   RO          412    i._WriteNoCheck     segger_rtt.o
    0x080013a2   0x080013a2   0x00000020   Code   RO         1584    i.__NVIC_SetPriority  stm32f3xx_hal_cortex.o
    0x080013c2   0x080013c2   0x0000000e   Code   RO         5423    i.__scatterload_copy  mc_w.l(handlers.o)
    0x080013d0   0x080013d0   0x00000002   Code   RO         5424    i.__scatterload_null  mc_w.l(handlers.o)
    0x080013d2   0x080013d2   0x0000000e   Code   RO         5425    i.__scatterload_zeroinit  mc_w.l(handlers.o)
    0x080013e0   0x080013e0   0x00000008   Code   RO           17    i.blink_LED         main.o
    0x080013e8   0x080013e8   0x00000088   Code   RO           18    i.main              main.o
    0x08001470   0x08001470   0x00000034   Code   RO         4763    i.osDelay           cmsis_os2.o
    0x080014a4   0x080014a4   0x00000038   Code   RO         4777    i.osKernelInitialize  cmsis_os2.o
    0x080014dc   0x080014dc   0x00000040   Code   RO         4780    i.osKernelStart     cmsis_os2.o
    0x0800151c   0x0800151c   0x000000a4   Code   RO         4814    i.osThreadNew       cmsis_os2.o
    0x080015c0   0x080015c0   0x0000005c   Code   RO         4238    i.prvAddCurrentTaskToDelayedList  tasks.o
    0x0800161c   0x0800161c   0x00000144   Code   RO         4239    i.prvAddNewTaskToReadyList  tasks.o
    0x08001760   0x08001760   0x00000034   Code   RO          562    i.prvAddTaskToStackMonitor  trckernelport.o
    0x08001794   0x08001794   0x00000058   Code   RO         4600    i.prvCheckForValidListAndQueue  timers.o
    0x080017ec   0x080017ec   0x00000026   Code   RO         3818    i.prvCopyDataFromQueue  queue.o
    0x08001812   0x08001812   0x0000006c   Code   RO         3819    i.prvCopyDataToQueue  queue.o
    0x0800187e   0x0800187e   0x00000034   Code   RO         4240    i.prvDeleteTCB      tasks.o
    0x080018b2   0x080018b2   0x00000002   PAD
    0x080018b4   0x080018b4   0x0000004c   Code   RO         5187    i.prvHeapInit       heap_4.o
    0x08001900   0x08001900   0x00000060   Code   RO         4241    i.prvIdleTask       tasks.o
    0x08001960   0x08001960   0x00000088   Code   RO         3821    i.prvInitialiseNewQueue  queue.o
    0x080019e8   0x080019e8   0x0000009c   Code   RO         4242    i.prvInitialiseNewTask  tasks.o
    0x08001a84   0x08001a84   0x0000004c   Code   RO         5188    i.prvInsertBlockIntoFreeList  heap_4.o
    0x08001ad0   0x08001ad0   0x00000038   Code   RO         4602    i.prvInsertTimerInActiveList  timers.o
    0x08001b08   0x08001b08   0x00000018   Code   RO          564    i.prvIsNewTCB       trckernelport.o
    0x08001b20   0x08001b20   0x0000001c   Code   RO         3822    i.prvIsQueueEmpty   queue.o
    0x08001b3c   0x08001b3c   0x000000cc   Code   RO         4603    i.prvProcessReceivedCommands  timers.o
    0x08001c08   0x08001c08   0x000000b4   Code   RO         4604    i.prvProcessTimerOrBlockTask  timers.o
    0x08001cbc   0x08001cbc   0x00000020   Code   RO         4244    i.prvResetNextTaskUnblockTime  tasks.o
    0x08001cdc   0x08001cdc   0x00000028   Code   RO         4605    i.prvSampleTimeNow  timers.o
    0x08001d04   0x08001d04   0x00000098   Code   RO          776    i.prvSetRecorderEnabled  trcstreamingrecorder.o
    0x08001d9c   0x08001d9c   0x0000006c   Code   RO         4606    i.prvSwitchTimerLists  timers.o
    0x08001e08   0x08001e08   0x00000028   Code   RO         5250    i.prvTaskExitError  port.o
    0x08001e30   0x08001e30   0x00000024   Code   RO         4607    i.prvTimerTask      timers.o
    0x08001e54   0x08001e54   0x0000006c   Code   RO          779    i.prvTraceError     trcstreamingrecorder.o
    0x08001ec0   0x08001ec0   0x00000004   Code   RO          567    i.prvTraceGetCurrentTaskHandle  trckernelport.o
    0x08001ec4   0x08001ec4   0x000002c0   Code   RO          780    i.prvTraceGetError  trcstreamingrecorder.o
    0x08002184   0x08002184   0x00000004   Code   RO          568    i.prvTraceGetQueueNumber  trckernelport.o
    0x08002188   0x08002188   0x0000000a   Code   RO          569    i.prvTraceGetQueueNumberHigh16  trckernelport.o
    0x08002192   0x08002192   0x0000000a   Code   RO          572    i.prvTraceGetTaskNumberHigh16  trckernelport.o
    0x0800219c   0x0800219c   0x0000005c   Code   RO          782    i.prvTraceSaveObjectData  trcstreamingrecorder.o
    0x080021f8   0x080021f8   0x00000060   Code   RO          783    i.prvTraceSaveObjectSymbol  trcstreamingrecorder.o
    0x08002258   0x08002258   0x0000001a   Code   RO          575    i.prvTraceSetQueueNumberHigh16  trckernelport.o
    0x08002272   0x08002272   0x0000001a   Code   RO          577    i.prvTraceSetTaskNumberHigh16  trckernelport.o
    0x0800228c   0x0800228c   0x00000064   Code   RO          787    i.prvTraceStoreEvent1  trcstreamingrecorder.o
    0x080022f0   0x080022f0   0x00000068   Code   RO          788    i.prvTraceStoreEvent2  trcstreamingrecorder.o
    0x08002358   0x08002358   0x00000068   Code   RO          789    i.prvTraceStoreEvent3  trcstreamingrecorder.o
    0x080023c0   0x080023c0   0x00000088   Code   RO          790    i.prvTraceStoreHeader  trcstreamingrecorder.o
    0x08002448   0x08002448   0x00000070   Code   RO          791    i.prvTraceStoreObjectDataTable  trcstreamingrecorder.o
    0x080024b8   0x080024b8   0x000000cc   Code   RO          792    i.prvTraceStoreSimpleStringEventHelper  trcstreamingrecorder.o
    0x08002584   0x08002584   0x0000008c   Code   RO          793    i.prvTraceStoreStartEvent  trcstreamingrecorder.o
    0x08002610   0x08002610   0x00000026   Code   RO          794    i.prvTraceStoreStringEvent  trcstreamingrecorder.o
    0x08002636   0x08002636   0x00000002   PAD
    0x08002638   0x08002638   0x000000dc   Code   RO          795    i.prvTraceStoreStringEventHelper  trcstreamingrecorder.o
    0x08002714   0x08002714   0x00000078   Code   RO          796    i.prvTraceStoreSymbolTable  trcstreamingrecorder.o
    0x0800278c   0x0800278c   0x0000007c   Code   RO          797    i.prvTraceStoreTSConfig  trcstreamingrecorder.o
    0x08002808   0x08002808   0x00000034   Code   RO          798    i.prvTraceWarning   trcstreamingrecorder.o
    0x0800283c   0x0800283c   0x0000006a   Code   RO         3823    i.prvUnlockQueue    queue.o
    0x080028a6   0x080028a6   0x00000002   PAD
    0x080028a8   0x080028a8   0x00000108   Code   RO         5189    i.pvPortMalloc      heap_4.o
    0x080029b0   0x080029b0   0x0000002c   Code   RO         5251    i.pxPortInitialiseStack  port.o
    0x080029dc   0x080029dc   0x00000026   Code   RO         3765    i.uxListRemove      list.o
    0x08002a02   0x08002a02   0x00000004   Code   RO         3825    i.uxQueueGetQueueNumber  queue.o
    0x08002a06   0x08002a06   0x00000008   Code   RO         4252    i.uxTaskGetTaskNumber  tasks.o
    0x08002a0e   0x08002a0e   0x00000002   PAD
    0x08002a10   0x08002a10   0x00000014   Code   RO         4826    i.vApplicationGetIdleTaskMemory  cmsis_os2.o
    0x08002a24   0x08002a24   0x00000018   Code   RO         4827    i.vApplicationGetTimerTaskMemory  cmsis_os2.o
    0x08002a3c   0x08002a3c   0x00000016   Code   RO         3766    i.vListInitialise   list.o
    0x08002a52   0x08002a52   0x00000006   Code   RO         3767    i.vListInitialiseItem  list.o
    0x08002a58   0x08002a58   0x00000030   Code   RO         3768    i.vListInsert       list.o
    0x08002a88   0x08002a88   0x00000018   Code   RO         3769    i.vListInsertEnd    list.o
    0x08002aa0   0x08002aa0   0x00000040   Code   RO         5253    i.vPortEnterCritical  port.o
    0x08002ae0   0x08002ae0   0x00000028   Code   RO         5254    i.vPortExitCritical  port.o
    0x08002b08   0x08002b08   0x00000088   Code   RO         5190    i.vPortFree         heap_4.o
    0x08002b90   0x08002b90   0x00000024   Code   RO         5255    i.vPortSetupTimerInterrupt  port.o
    0x08002bb4   0x08002bb4   0x00000054   Code   RO         5256    i.vPortValidateInterruptPriority  port.o
    0x08002c08   0x08002c08   0x00000044   Code   RO         3829    i.vQueueAddToRegistry  queue.o
    0x08002c4c   0x08002c4c   0x00000004   Code   RO         3831    i.vQueueSetQueueNumber  queue.o
    0x08002c50   0x08002c50   0x00000044   Code   RO         3833    i.vQueueWaitForMessageRestricted  queue.o
    0x08002c94   0x08002c94   0x00000068   Code   RO         4256    i.vTaskDelay        tasks.o
    0x08002cfc   0x08002cfc   0x00000010   Code   RO         4261    i.vTaskInternalSetTimeOutState  tasks.o
    0x08002d0c   0x08002d0c   0x0000000c   Code   RO         4262    i.vTaskMissedYield  tasks.o
    0x08002d18   0x08002d18   0x00000030   Code   RO         4264    i.vTaskPlaceOnEventList  tasks.o
    0x08002d48   0x08002d48   0x00000058   Code   RO         4265    i.vTaskPlaceOnEventListRestricted  tasks.o
    0x08002da0   0x08002da0   0x00000008   Code   RO         4271    i.vTaskSetTaskNumber  tasks.o
    0x08002da8   0x08002da8   0x00000088   Code   RO         4273    i.vTaskStartScheduler  tasks.o
    0x08002e30   0x08002e30   0x00000010   Code   RO         4275    i.vTaskSuspendAll   tasks.o
    0x08002e40   0x08002e40   0x00000098   Code   RO         4276    i.vTaskSwitchContext  tasks.o
    0x08002ed8   0x08002ed8   0x00000006   Code   RO          808    i.vTraceStop        trcstreamingrecorder.o
    0x08002ede   0x08002ede   0x00000016   Code   RO          741    i.writeToRTT        trcstreamingport.o
    0x08002ef4   0x08002ef4   0x000000f4   Code   RO         5257    i.xPortStartScheduler  port.o
    0x08002fe8   0x08002fe8   0x00000066   Code   RO         3839    i.xQueueGenericCreateStatic  queue.o
    0x0800304e   0x0800304e   0x00000002   PAD
    0x08003050   0x08003050   0x00000088   Code   RO         3840    i.xQueueGenericReset  queue.o
    0x080030d8   0x080030d8   0x00000294   Code   RO         3841    i.xQueueGenericSend  queue.o
    0x0800336c   0x0800336c   0x00000138   Code   RO         3842    i.xQueueGenericSendFromISR  queue.o
    0x080034a4   0x080034a4   0x00000264   Code   RO         3851    i.xQueueReceive     queue.o
    0x08003708   0x08003708   0x00000074   Code   RO         4277    i.xTaskCheckForTimeOut  tasks.o
    0x0800377c   0x0800377c   0x0000005a   Code   RO         4278    i.xTaskCreate       tasks.o
    0x080037d6   0x080037d6   0x00000056   Code   RO         4279    i.xTaskCreateStatic  tasks.o
    0x0800382c   0x0800382c   0x0000000c   Code   RO         4282    i.xTaskGetCurrentTaskHandle  tasks.o
    0x08003838   0x08003838   0x0000001c   Code   RO         4283    i.xTaskGetSchedulerState  tasks.o
    0x08003854   0x08003854   0x0000000c   Code   RO         4284    i.xTaskGetTickCount  tasks.o
    0x08003860   0x08003860   0x00000104   Code   RO         4286    i.xTaskIncrementTick  tasks.o
    0x08003964   0x08003964   0x000000bc   Code   RO         4289    i.xTaskPriorityDisinherit  tasks.o
    0x08003a20   0x08003a20   0x00000088   Code   RO         4291    i.xTaskRemoveFromEventList  tasks.o
    0x08003aa8   0x08003aa8   0x000000e0   Code   RO         4292    i.xTaskResumeAll    tasks.o
    0x08003b88   0x08003b88   0x00000060   Code   RO         4614    i.xTimerCreateTimerTask  timers.o
    0x08003be8   0x08003be8   0x00000068   Code   RO         4615    i.xTimerGenericCommand  timers.o
    0x08003c50   0x08003c50   0x00000048   Data   RO           23    .constdata          main.o
    0x08003c98   0x08003c98   0x00000020   Data   RO         1267    .constdata          stm32f3xx_hal_rcc.o
    0x08003cb8   0x08003cb8   0x00000010   Data   RO         3574    .constdata          system_stm32f3xx_1.o
    0x08003cc8   0x08003cc8   0x00000008   Data   RO         3575    .constdata          system_stm32f3xx_1.o
    0x08003cd0   0x08003cd0   0x00000018   Data   RO           24    .conststring        main.o
    0x08003ce8   0x08003ce8   0x00000020   Data   RO         5421    Region$$Table       anon$$obj.o


    Execution Region RW_IRAM1 (Exec base: 0x20000000, Load base: 0x08003d08, Size: 0x000042d8, Max: 0x0000a000, ABSOLUTE)

    Exec Addr    Load Addr    Size         Type   Attr      Idx    E Section Name        Object

    0x20000000   0x08003d08   0x00000008   Data   RW           25    .data               main.o
    0x20000008   0x08003d10   0x00000014   Data   RW          584    .data               trckernelport.o
    0x2000001c   0x08003d24   0x00000068   Data   RW          818    .data               trcstreamingrecorder.o
    0x20000084   0x08003d8c   0x0000000c   Data   RW         1104    .data               stm32f3xx_hal.o
    0x20000090   0x08003d98   0x00000004   Data   RW         3576    .data               system_stm32f3xx_1.o
    0x20000094   0x08003d9c   0x0000003c   Data   RW         4295    .data               tasks.o
    0x200000d0   0x08003dd8   0x00000014   Data   RW         4623    .data               timers.o
    0x200000e4   0x08003dec   0x00000004   Data   RW         4829    .data               cmsis_os2.o
    0x200000e8   0x08003df0   0x00000018   Data   RW         5195    .data               heap_4.o
    0x20000100   0x08003e08   0x0000000c   Data   RW         5258    .data               port.o
    0x2000010c        -       0x00000200   Zero   RW           19    .bss                main.o
    0x2000030c        -       0x0000005c   Zero   RW           20    .bss                main.o
    0x20000368        -       0x00000200   Zero   RW           21    .bss                main.o
    0x20000568        -       0x0000005c   Zero   RW           22    .bss                main.o
    0x200005c4        -       0x00000040   Zero   RW          353    .bss                stm32f3xx_hal_timebase_tim.o
    0x20000604        -       0x000000f8   Zero   RW          413    .bss                segger_rtt.o
    0x200006fc        -       0x00001854   Zero   RW          583    .bss                trckernelport.o
    0x20001f50        -       0x000006b0   Zero   RW          817    .bss                trcstreamingrecorder.o
    0x20002600        -       0x00000040   Zero   RW         3855    .bss                queue.o
    0x20002640        -       0x000004c4   Zero   RW         4294    .bss                tasks.o
    0x20002b04        -       0x00000118   Zero   RW         4622    .bss                timers.o
    0x20002c1c        -       0x000006b8   Zero   RW         4828    .bss                cmsis_os2.o
    0x200032d4        -       0x00000c00   Zero   RW         5194    .bss                heap_4.o
    0x20003ed4   0x08003e14   0x00000004   PAD
    0x20003ed8        -       0x00000400   Zero   RW            1    STACK               startup_stm32f303xc.o


==============================================================================

Image component sizes


      Code (inc. data)   RO Data    RW Data    ZI Data      Debug   Object Name

       380         32          0          4       1720      16222   cmsis_os2.o
         0          0          0          0          0      18536   event_groups.o
         0          0          0          0          0       5524   freertos.o
       552         38          0         24       3072       5007   heap_4.o
       138          0          0          0          0       3678   list.o
       238         32         96          8       1208     566395   main.o
       786         82          0         12          0      11849   port.o
      2382         90          0          0         64      16987   queue.o
       430         42          0          0        248       8806   segger_rtt.o
        36          8        392          0       1024        856   startup_stm32f303xc.o
        64         14          0         12          0      12218   stm32f3xx_hal.o
       158         14          0          0          0      33266   stm32f3xx_hal_cortex.o
       402         28          0          0          0       2444   stm32f3xx_hal_gpio.o
        52          4          0          0          0        878   stm32f3xx_hal_msp.o
      2028         72         32          0          0       6034   stm32f3xx_hal_rcc.o
       672         34          0          0          0       7504   stm32f3xx_hal_tim.o
         6          0          0          0          0       2248   stm32f3xx_hal_tim_ex.o
       116         18          0          0         64       1463   stm32f3xx_hal_timebase_tim.o
        24          6          0          0          0       3360   stm32f3xx_it.o
         0          0          0          0          0       6840   stream_buffer.o
        28          6         24          4          0       1191   system_stm32f3xx_1.o
      2492        220          0         60       1220      26548   tasks.o
       912         82          0         20        280      24863   timers.o
       156         16          0         20       6228      12207   trckernelport.o
        22          0          0          0          0       1021   trcstreamingport.o
      2612        798          0        104       1712      32725   trcstreamingrecorder.o

    ----------------------------------------------------------------------
     14710       1636        576        268      16844     828670   Object Totals
         0          0         32          0          0          0   (incl. Generated)
        24          0          0          0          4          0   (incl. Padding)

    ----------------------------------------------------------------------

      Code (inc. data)   RO Data    RW Data    ZI Data      Debug   Library Member Name

         0          0          0          0          0          0   entry.o
         0          0          0          0          0          0   entry10a.o
         0          0          0          0          0          0   entry11a.o
         8          4          0          0          0          0   entry2.o
         4          0          0          0          0          0   entry5.o
         0          0          0          0          0          0   entry7b.o
         0          0          0          0          0          0   entry8b.o
         8          4          0          0          0          0   entry9a.o
        30          0          0          0          0          0   handlers.o
        36          8          0          0          0         68   init.o
        30          0          0          0          0         68   llshl.o
        32          0          0          0          0         68   llushr.o
        36          0          0          0          0         68   memcpya.o
        36          0          0          0          0        108   memseta.o
        18          0          0          0          0         68   strcpy.o
        98          0          0          0          0         92   uldiv.o

    ----------------------------------------------------------------------
       338         16          0          0          0        540   Library Totals
         2          0          0          0          0          0   (incl. Padding)

    ----------------------------------------------------------------------

      Code (inc. data)   RO Data    RW Data    ZI Data      Debug   Library Name

       336         16          0          0          0        540   mc_w.l

    ----------------------------------------------------------------------
       338         16          0          0          0        540   Library Totals

    ----------------------------------------------------------------------

==============================================================================


      Code (inc. data)   RO Data    RW Data    ZI Data      Debug   

     15048       1652        576        268      16844     815206   Grand Totals
     15048       1652        576        268      16844     815206   ELF Image Totals
     15048       1652        576        268          0          0   ROM Totals

==============================================================================

    Total RO  Size (Code + RO Data)                15624 (  15.26kB)
    Total RW  Size (RW Data + ZI Data)             17112 (  16.71kB)
    Total ROM Size (Code + RO Data + RW Data)      15892 (  15.52kB)

==============================================================================

